<html>
<body>
<pre>
<h1>µVision Build Log</h1>
<h2>Tool Versions:</h2>
IDE-Version: ¶ÃVision V5.14.0.0
Copyright (C) 2015 ARM Ltd and ARM Germany GmbH. All rights reserved.
License Information: healer ÃÏ«‡…´µ, HP Inc., LIC=IC9X7-E1K0I-ZDTK6-DJCBQ-HQE61-HY0PR
 
Tool Versions:
Toolchain:       MDK-ARM Professional  Version: 5.14.0.0
Toolchain Path:  D:\MDK5\ARM\ARMCC\Bin
C Compiler:      Armcc.exe V5.05 update 1 (build 106)
Assembler:       Armasm.exe V5.05 update 1 (build 106)
Linker/Locator:  ArmLink.exe V5.05 update 1 (build 106)
Library Manager: ArmAr.exe V5.05 update 1 (build 106)
Hex Converter:   FromElf.exe V5.05 update 1 (build 106)
CPU DLL:         SARMCM3.DLL V5.14.0.0
Dialog DLL:      DCM.DLL V1.13.1.0
Target DLL:      Segger\JL2CM3.dll V2.99.13.0
Dialog DLL:      TCM.DLL V1.14.4.0
 
<h2>Project:</h2>
C:\Users\Administrator\Desktop\01 F407+ov2640+ESP8266Õ¯¬Á…„œÒÕ∑\USER\OV2640.uvprojx
Project File Date:  09/02/2020

<h2>Output:</h2>
Build target 'OV2640'
compiling main.c...
main.c(76): warning:  #177-D: variable "key" was declared but never referenced
        u8 key;
main.c(77): warning:  #177-D: variable "effect" was declared but never referenced
        u8 effect=0,saturation=2,contrast=2;
main.c(77): warning:  #177-D: variable "saturation" was declared but never referenced
        u8 effect=0,saturation=2,contrast=2;
main.c(77): warning:  #177-D: variable "contrast" was declared but never referenced
        u8 effect=0,saturation=2,contrast=2;
main.c(122): warning:  #177-D: variable "key" was declared but never referenced
        u8 key;
main.c(123): warning:  #177-D: variable "t" was declared but never referenced
        u8 t;
main.c: 6 warnings, 0 errors
linking...
Program Size: Code=43054 RO-data=8386 RW-data=576 ZI-data=129864  
FromELF: creating hex file...
"..\OBJ\OV2640.axf" - 0 Error(s), 6 Warning(s).

<h2>Collection of Component include folders:</h2>
  C:\Users\Administrator\Desktop\01 F407+ov2640+ESP8266Õ¯¬Á…„œÒÕ∑\USER\RTE
  D:\MDK5\ARM\PACK\Keil\STM32F4xx_DFP\1.0.8\Device\Include

<h2>Collection of Component Files used:</h2>
</pre>
</body>
</html>
