Component: ARM Compiler 5.05 update 1 (build 106) Tool: armlink [4d0efa]

==============================================================================

Section Cross References

    main.o(.text) refers to _printf_percent.o(.ARM.Collect$$_printf_percent$$00000000) for _printf_percent
    main.o(.text) refers to _printf_s.o(.ARM.Collect$$_printf_percent$$00000014) for _printf_s
    main.o(.text) refers to _printf_str.o(.text) for _printf_str
    main.o(.text) refers to stm32f4xx_dma.o(.text) for DMA_Cmd
    main.o(.text) refers to noretval__2sprintf.o(.text) for __2sprintf
    main.o(.text) refers to ov2640.o(.text) for OV2640_JPEG_Mode
    main.o(.text) refers to dcmi.o(.text) for My_DCMI_Init
    main.o(.text) refers to stm32f4xx_usart.o(.text) for USART_GetFlagStatus
    main.o(.text) refers to delay.o(.text) for delay_ms
    main.o(.text) refers to misc.o(.text) for NVIC_PriorityGroupConfig
    main.o(.text) refers to usart.o(.text) for uart_init
    main.o(.text) refers to usart2.o(.text) for usart2_init
    main.o(.text) refers to esp8266.o(.text) for ESP8266_Init
    main.o(.text) refers to timer.o(.text) for TIM3_Int_Init
    main.o(.text) refers to noretval__2printf.o(.text) for __2printf
    main.o(.text) refers to main.o(.data) for ov2640_mode
    main.o(.text) refers to main.o(.bss) for jpeg_buf
    main.o(.text) refers to main.o(.constdata) for jpeg_img_size_tbl
    main.o(.data) refers to main.o(.conststring) for .conststring
    system_stm32f4xx.o(.text) refers to system_stm32f4xx.o(.data) for SystemCoreClock
    led.o(.text) refers to stm32f4xx_rcc.o(.text) for RCC_AHB1PeriphClockCmd
    led.o(.text) refers to stm32f4xx_gpio.o(.text) for GPIO_Init
    lcd.o(.text) refers to _printf_percent.o(.ARM.Collect$$_printf_percent$$00000000) for _printf_percent
    lcd.o(.text) refers to _printf_x.o(.ARM.Collect$$_printf_percent$$0000000C) for _printf_x
    lcd.o(.text) refers to _printf_hex_int.o(.text) for _printf_longlong_hex
    lcd.o(.text) refers to delay.o(.text) for delay_us
    lcd.o(.text) refers to lcd.o(.bss) for lcddev
    lcd.o(.text) refers to lcd.o(.data) for POINT_COLOR
    lcd.o(.text) refers to dflt_clz.o(x$fpl$dfltu) for __aeabi_ui2d
    lcd.o(.text) refers to dmul.o(x$fpl$dmul) for __aeabi_dmul
    lcd.o(.text) refers to dfixu.o(x$fpl$dfixu) for __aeabi_d2uiz
    lcd.o(.text) refers to stm32f4xx_rcc.o(.text) for RCC_AHB1PeriphClockCmd
    lcd.o(.text) refers to stm32f4xx_gpio.o(.text) for GPIO_Init
    lcd.o(.text) refers to stm32f4xx_fsmc.o(.text) for FSMC_NORSRAMInit
    lcd.o(.text) refers to noretval__2printf.o(.text) for __2printf
    lcd.o(.text) refers to lcd.o(.constdata) for asc2_1206
    key.o(.text) refers to stm32f4xx_rcc.o(.text) for RCC_AHB1PeriphClockCmd
    key.o(.text) refers to stm32f4xx_gpio.o(.text) for GPIO_Init
    key.o(.text) refers to delay.o(.text) for delay_ms
    key.o(.text) refers to key.o(.data) for key_up
    dcmi.o(.text) refers to stm32f4xx_dcmi.o(.text) for DCMI_GetITStatus
    dcmi.o(.text) refers to main.o(.text) for jpeg_data_process
    dcmi.o(.text) refers to stm32f4xx_rcc.o(.text) for RCC_AHB1PeriphClockCmd
    dcmi.o(.text) refers to stm32f4xx_dma.o(.text) for DMA_DeInit
    dcmi.o(.text) refers to stm32f4xx_gpio.o(.text) for GPIO_Init
    dcmi.o(.text) refers to misc.o(.text) for NVIC_Init
    dcmi.o(.text) refers to lcd.o(.text) for LCD_Clear
    dcmi.o(.text) refers to ov2640.o(.text) for OV2640_OutSize_Set
    dcmi.o(.text) refers to dcmi.o(.data) for ov_frame
    dcmi.o(.text) refers to dcmi.o(.bss) for DCMI_InitStructure
    ov2640.o(.text) refers to _printf_percent.o(.ARM.Collect$$_printf_percent$$00000000) for _printf_percent
    ov2640.o(.text) refers to _printf_d.o(.ARM.Collect$$_printf_percent$$00000009) for _printf_d
    ov2640.o(.text) refers to _printf_dec.o(.text) for _printf_int_dec
    ov2640.o(.text) refers to stm32f4xx_rcc.o(.text) for RCC_AHB1PeriphClockCmd
    ov2640.o(.text) refers to stm32f4xx_gpio.o(.text) for GPIO_Init
    ov2640.o(.text) refers to delay.o(.text) for delay_ms
    ov2640.o(.text) refers to sccb.o(.text) for SCCB_Init
    ov2640.o(.text) refers to noretval__2printf.o(.text) for __2printf
    ov2640.o(.text) refers to ov2640.o(.constdata) for ov2640_sxga_init_reg_tbl
    usart2.o(.text) refers to stm32f4xx_rcc.o(.text) for RCC_AHB1PeriphClockCmd
    usart2.o(.text) refers to stm32f4xx_gpio.o(.text) for GPIO_Init
    usart2.o(.text) refers to misc.o(.text) for NVIC_Init
    usart2.o(.text) refers to stm32f4xx_usart.o(.text) for USART_Init
    usart2.o(.text) refers to strstr.o(.text) for strstr
    usart2.o(.text) refers to esp8266.o(.bss) for ESP8266_Fram_Record_Struct
    usart2.o(.text) refers to tcp.o(.data) for TcpClosedFlag
    sccb.o(.text) refers to stm32f4xx_rcc.o(.text) for RCC_AHB1PeriphClockCmd
    sccb.o(.text) refers to stm32f4xx_gpio.o(.text) for GPIO_Init
    sccb.o(.text) refers to delay.o(.text) for delay_us
[...]
    .ARM.Collect$$rtexit$$00000003           0x0800027e   Section        4  rtexit2.o(.ARM.Collect$$rtexit$$00000003)
    .ARM.Collect$$rtexit$$00000004           0x08000282   Section        6  rtexit2.o(.ARM.Collect$$rtexit$$00000004)
    .text                                    0x08000288   Section        0  main.o(.text)
    .text                                    0x08000520   Section        0  stm32f4xx_it.o(.text)
    .text                                    0x0800053c   Section        0  system_stm32f4xx.o(.text)
    SetSysClock                              0x0800053d   Thumb Code   220  system_stm32f4xx.o(.text)
    .text                                    0x0800074c   Section        0  lcd.o(.text)
    .text                                    0x080053cc   Section        0  dcmi.o(.text)
    .text                                    0x08005644   Section        0  ov2640.o(.text)
    .text                                    0x08005c58   Section        0  usart2.o(.text)
    .text                                    0x08005db4   Section        0  sccb.o(.text)
    .text                                    0x08006028   Section        0  timer.o(.text)
    .text                                    0x080060c8   Section        0  delay.o(.text)
    .text                                    0x080061cc   Section        0  usart.o(.text)
    .text                                    0x08006314   Section       64  startup_stm32f40_41xxx.o(.text)
    $v0                                      0x08006314   Number         0  startup_stm32f40_41xxx.o(.text)
    .text                                    0x08006354   Section        0  misc.o(.text)
    .text                                    0x08006434   Section        0  stm32f4xx_dcmi.o(.text)
    .text                                    0x080065c0   Section        0  stm32f4xx_gpio.o(.text)
    .text                                    0x08006854   Section        0  stm32f4xx_fsmc.o(.text)
    .text                                    0x08006e1c   Section        0  stm32f4xx_dma.o(.text)
    .text                                    0x080071c4   Section        0  stm32f4xx_rcc.o(.text)
    .text                                    0x08007820   Section        0  stm32f4xx_usart.o(.text)
    .text                                    0x08007c74   Section        0  stm32f4xx_tim.o(.text)
    TI4_Config                               0x08008413   Thumb Code    80  stm32f4xx_tim.o(.text)
    TI3_Config                               0x08008475   Thumb Code    72  stm32f4xx_tim.o(.text)
    TI2_Config                               0x080084d7   Thumb Code    90  stm32f4xx_tim.o(.text)
    TI1_Config                               0x08008543   Thumb Code    58  stm32f4xx_tim.o(.text)
    .text                                    0x08008918   Section        0  usmart.o(.text)
    .text                                    0x0800954c   Section        0  usmart_str.o(.text)
    .text                                    0x08009a74   Section        0  esp8266.o(.text)
    itoa                                     0x08009ac9   Thumb Code    98  esp8266.o(.text)
    .text                                    0x0800a1c4   Section        2  use_no_semi_2.o(.text)
    .text                                    0x0800a1c8   Section        0  noretval__2printf.o(.text)
    .text                                    0x0800a1e0   Section        0  noretval__2sprintf.o(.text)
    .text                                    0x0800a208   Section        0  _printf_pad.o(.text)
    .text                                    0x0800a256   Section        0  _printf_str.o(.text)
    .text                                    0x0800a2a8   Section        0  _printf_dec.o(.text)
    .text                                    0x0800a320   Section        0  _printf_hex_int.o(.text)
    .text                                    0x0800a378   Section        0  __printf_flags_ss_wp.o(.text)
    .text                                    0x0800a500   Section        0  strstr.o(.text)
    .text                                    0x0800a524   Section       78  rt_memclr_w.o(.text)
    .text                                    0x0800a572   Section        0  heapauxi.o(.text)
    .text                                    0x0800a578   Section        2  use_no_semi.o(.text)
    .text                                    0x0800a57a   Section        0  _printf_intcommon.o(.text)
    .text                                    0x0800a62c   Section        0  _printf_char_common.o(.text)
    _printf_input_char                       0x0800a62d   Thumb Code    10  _printf_char_common.o(.text)
    .text                                    0x0800a65c   Section        0  _sputc.o(.text)
    .text                                    0x0800a666   Section        0  _printf_char.o(.text)
    .text                                    0x0800a694   Section        0  _printf_char_file.o(.text)
    .text                                    0x0800a6b8   Section        0  ferror.o(.text)
    .text                                    0x0800a6c0   Section       74  sys_stackheap_outer.o(.text)
    .text                                    0x0800a70a   Section        0  exit.o(.text)
    .text                                    0x0800a718   Section        8  libspace.o(.text)
    i._is_digit                              0x0800a720   Section        0  __printf_wp.o(i._is_digit)
    x$fpl$dfixu                              0x0800a730   Section       90  dfixu.o(x$fpl$dfixu)
    $v0                                      0x0800a730   Number         0  dfixu.o(x$fpl$dfixu)
    x$fpl$dfltu                              0x0800a78a   Section       38  dflt_clz.o(x$fpl$dfltu)
    $v0                                      0x0800a78a   Number         0  dflt_clz.o(x$fpl$dfltu)
    x$fpl$dmul                               0x0800a7b0   Section      340  dmul.o(x$fpl$dmul)
    $v0                                      0x0800a7b0   Number         0  dmul.o(x$fpl$dmul)
    x$fpl$dnaninf                            0x0800a904   Section      156  dnaninf.o(x$fpl$dnaninf)
    $v0                                      0x0800a904   Number         0  dnaninf.o(x$fpl$dnaninf)
    x$fpl$dretinf                            0x0800a9a0   Section       12  dretinf.o(x$fpl$dretinf)
    $v0                                      0x0800a9a0   Number         0  dretinf.o(x$fpl$dretinf)
    x$fpl$fpinit                             0x0800a9ac   Section       10  fpinit.o(x$fpl$fpinit)
    $v0                                      0x0800a9ac   Number         0  fpinit.o(x$fpl$fpinit)
    .constdata                               0x0800a9b6   Section       36  main.o(.constdata)
    x$fpl$usenofp                            0x0800a9b6   Section        0  usenofp.o(x$fpl$usenofp)
    .constdata                               0x0800a9da   Section     6080  lcd.o(.constdata)
    .constdata                               0x0800c19a   Section      808  ov2640.o(.constdata)
    OV2640_AUTOEXPOSURE_LEVEL                0x0800c49a   Data          40  ov2640.o(.constdata)
    .constdata                               0x0800c4c4   Section       28  stm32f4xx_fsmc.o(.constdata)
    .constdata                               0x0800c4e0   Section       40  _printf_hex_int.o(.constdata)
    uc_hextab                                0x0800c4e0   Data          20  _printf_hex_int.o(.constdata)
    lc_hextab                                0x0800c4f4   Data          20  _printf_hex_int.o(.constdata)
    .constdata                               0x0800c508   Section       17  __printf_flags_ss_wp.o(.constdata)
    maptable                                 0x0800c508   Data          17  __printf_flags_ss_wp.o(.constdata)
    .conststring                             0x0800c51c   Section      119  main.o(.conststring)
    .conststring                             0x0800c594   Section       40  usmart.o(.conststring)
    .conststring                             0x0800c5bc   Section      785  usmart_config.o(.conststring)
    .data                                    0x20000000   Section       76  main.o(.data)
    .data                                    0x2000004c   Section       20  system_stm32f4xx.o(.data)
    .data                                    0x20000060   Section        4  lcd.o(.data)
    .data                                    0x20000064   Section        1  dcmi.o(.data)
    .data                                    0x20000066   Section        4  delay.o(.data)
    fac_us                                   0x20000066   Data           1  delay.o(.data)
    fac_ms                                   0x20000068   Data           2  delay.o(.data)
    .data                                    0x2000006c   Section        6  usart.o(.data)
    .data                                    0x20000072   Section       16  stm32f4xx_rcc.o(.data)
    APBAHBPrescTable                         0x20000072   Data          16  stm32f4xx_rcc.o(.data)
    .data                                    0x20000084   Section       28  usmart.o(.data)
    .data                                    0x200000a0   Section      412  usmart_config.o(.data)
    .data                                    0x2000023c   Section        1  tcp.o(.data)
    .bss                                     0x20000240   Section    126976  main.o(.bss)
    .bss                                     0x2001f240   Section       14  lcd.o(.bss)
    .bss                                     0x2001f24e   Section       14  dcmi.o(.bss)
    .bss                                     0x2001f25c   Section      200  usart.o(.bss)
    .bss                                     0x2001f324   Section     1026  esp8266.o(.bss)
    .bss                                     0x2001f728   Section       96  libspace.o(.bss)
    HEAP                                     0x2001f788   Section      512  startup_stm32f40_41xxx.o(HEAP)
    Heap_Mem                                 0x2001f788   Data         512  startup_stm32f40_41xxx.o(HEAP)
    STACK                                    0x2001f988   Section     1024  startup_stm32f40_41xxx.o(STACK)
    Stack_Mem                                0x2001f988   Data        1024  startup_stm32f40_41xxx.o(STACK)
    __initial_sp                             0x2001fd88   Data           0  startup_stm32f40_41xxx.o(STACK)

    Global Symbols

    Symbol Name                              Value     Ov Type        Size  Object(Section)

    BuildAttributes$$THM_ISAv4$E$P$D$K$B$S$7EM$VFPi3$EXTD16$VFPS$VFMA$PE$A:L22UL41UL21$X:L11$S22US41US21$IEEE1$IW$USESV6$~STKCKD$USESV7$~SHL$OSPACE$ROPI$EBA8$UX$STANDARDLIB$REQ8$PRES8$EABIv2 0x00000000   Number         0  anon$$obj.o ABSOLUTE
    __ARM_use_no_argv                        0x00000000   Number         0  main.o ABSOLUTE
    _printf_flags                            0x00000000   Number         0  printf_stubs.o ABSOLUTE
    _printf_return_value                     0x00000000   Number         0  printf_stubs.o ABSOLUTE
    _printf_sizespec                         0x00000000   Number         0  printf_stubs.o ABSOLUTE
    _printf_widthprec                        0x00000000   Number         0  printf_stubs.o ABSOLUTE
    __ARM_exceptions_init                     - Undefined Weak Reference
    __alloca_initialize                       - Undefined Weak Reference
    __arm_preinit_                            - Undefined Weak Reference
    __cpp_initialize__aeabi_                  - Undefined Weak Reference
    __cxa_finalize                            - Undefined Weak Reference
    __rt_locale                               - Undefined Weak Reference
    __sigvec_lookup                           - Undefined Weak Reference
    _atexit_init                              - Undefined Weak Reference
    _call_atexit_fns                          - Undefined Weak Reference
    _clock_init                               - Undefined Weak Reference
    _fp_trap_init                             - Undefined Weak Reference
    _fp_trap_shutdown                         - Undefined Weak Reference
    _get_lc_collate                           - Undefined Weak Reference
    _get_lc_ctype                             - Undefined Weak Reference
    _get_lc_monetary                          - Undefined Weak Reference
    _get_lc_numeric                           - Undefined Weak Reference
    _get_lc_time                              - Undefined Weak Reference
    _getenv_init                              - Undefined Weak Reference
    _handle_redirection                       - Undefined Weak Reference
    _init_alloc                               - Undefined Weak Reference
    _init_user_alloc                          - Undefined Weak Reference
    _initio                                   - Undefined Weak Reference
    _mutex_acquire                            - Undefined Weak Reference
    _mutex_release                            - Undefined Weak Reference
    _printf_mbtowc                            - Undefined Weak Reference
    _printf_truncate_signed                   - Undefined Weak Reference
    _printf_truncate_unsigned                 - Undefined Weak Reference
    _rand_init                                - Undefined Weak Reference
    _signal_finish                            - Undefined Weak Reference
    _signal_init                              - Undefined Weak Reference
    _terminate_alloc                          - Undefined Weak Reference
    _terminate_user_alloc                     - Undefined Weak Reference
    _terminateio                              - Undefined Weak Reference
    __Vectors_Size                           0x00000188   Number         0  startup_stm32f40_41xxx.o ABSOLUTE
    __Vectors                                0x08000000   Data           4  startup_stm32f40_41xxx.o(RESET)
    __Vectors_End                            0x08000188   Data           0  startup_stm32f40_41xxx.o(RESET)
    __main                                   0x08000189   Thumb Code     8  __main.o(!!!main)
    __scatterload                            0x08000191   Thumb Code     0  __scatter.o(!!!scatter)
    __scatterload_rt2                        0x08000191   Thumb Code    44  __scatter.o(!!!scatter)
    __scatterload_rt2_thumb_only             0x08000191   Thumb Code     0  __scatter.o(!!!scatter)
    __scatterload_null                       0x0800019f   Thumb Code     0  __scatter.o(!!!scatter)
    __decompress                             0x080001c5   Thumb Code    90  __dczerorl2.o(!!dczerorl2)
    __decompress1                            0x080001c5   Thumb Code     0  __dczerorl2.o(!!dczerorl2)
    __scatterload_zeroinit                   0x08000221   Thumb Code    28  __scatter_zi.o(!!handler_zi)
    _printf_d                                0x0800023d   Thumb Code     0  _printf_d.o(.ARM.Collect$$_printf_percent$$00000009)
    _printf_percent                          0x0800023d   Thumb Code     0  _printf_percent.o(.ARM.Collect$$_printf_percent$$00000000)
    _printf_u                                0x08000243   Thumb Code     0  _printf_u.o(.ARM.Collect$$_printf_percent$$0000000A)
    _printf_x                                0x08000249   Thumb Code     0  _printf_x.o(.ARM.Collect$$_printf_percent$$0000000C)
    _printf_c                                0x0800024f   Thumb Code     0  _printf_c.o(.ARM.Collect$$_printf_percent$$00000013)
    _printf_s                                0x08000255   Thumb Code     0  _printf_s.o(.ARM.Collect$$_printf_percent$$00000014)
    _printf_percent_end                      0x0800025b   Thumb Code     0  _printf_percent_end.o(.ARM.Collect$$_printf_percent$$00000017)
    __rt_lib_init                            0x0800025f   Thumb Code     0  libinit.o(.ARM.Collect$$libinit$$00000000)
    __rt_lib_init_fp_1                       0x08000261   Thumb Code     0  libinit2.o(.ARM.Collect$$libinit$$00000001)
    __rt_lib_init_alloca_1                   0x08000265   Thumb Code     0  libinit2.o(.ARM.Collect$$libinit$$0000002E)
    __rt_lib_init_argv_1                     0x08000265   Thumb Code     0  libinit2.o(.ARM.Collect$$libinit$$0000002C)
    __rt_lib_init_atexit_1                   0x08000265   Thumb Code     0  libinit2.o(.ARM.Collect$$libinit$$0000001B)
    __rt_lib_init_clock_1                    0x08000265   Thumb Code     0  libinit2.o(.ARM.Collect$$libinit$$00000021)
    __rt_lib_init_cpp_1                      0x08000265   Thumb Code     0  libinit2.o(.ARM.Collect$$libinit$$00000032)
    __rt_lib_init_exceptions_1               0x08000265   Thumb Code     0  libinit2.o(.ARM.Collect$$libinit$$00000030)
    __rt_lib_init_fp_trap_1                  0x08000265   Thumb Code     0  libinit2.o(.ARM.Collect$$libinit$$0000001F)
    __rt_lib_init_getenv_1                   0x08000265   Thumb Code     0  libinit2.o(.ARM.Collect$$libinit$$00000023)
    __rt_lib_init_heap_1                     0x08000265   Thumb Code     0  libinit2.o(.ARM.Collect$$libinit$$0000000A)
    __rt_lib_init_lc_collate_1               0x08000265   Thumb Code     0  libinit2.o(.ARM.Collect$$libinit$$00000011)
    __rt_lib_init_lc_ctype_1                 0x08000265   Thumb Code     0  libinit2.o(.ARM.Collect$$libinit$$00000013)
    __rt_lib_init_lc_monetary_1              0x08000265   Thumb Code     0  libinit2.o(.ARM.Collect$$libinit$$00000015)
    __rt_lib_init_lc_numeric_1               0x08000265   Thumb Code     0  libinit2.o(.ARM.Collect$$libinit$$00000017)
    __rt_lib_init_lc_time_1                  0x08000265   Thumb Code     0  libinit2.o(.ARM.Collect$$libinit$$00000019)
    __rt_lib_init_preinit_1                  0x08000265   Thumb Code     0  libinit2.o(.ARM.Collect$$libinit$$00000004)
    __rt_lib_init_rand_1                     0x08000265   Thumb Code     0  libinit2.o(.ARM.Collect$$libinit$$0000000E)
    __rt_lib_init_return                     0x08000265   Thumb Code     0  libinit2.o(.ARM.Collect$$libinit$$00000033)
    __rt_lib_init_signal_1                   0x08000265   Thumb Code     0  libinit2.o(.ARM.Collect$$libinit$$0000001D)
    __rt_lib_init_stdio_1                    0x08000265   Thumb Code     0  libinit2.o(.ARM.Collect$$libinit$$00000025)
    __rt_lib_init_user_alloc_1               0x08000265   Thumb Code     0  libinit2.o(.ARM.Collect$$libinit$$0000000C)
    __rt_lib_shutdown                        0x08000267   Thumb Code     0  libshutdown.o(.ARM.Collect$$libshutdown$$00000000)
    __rt_lib_shutdown_fp_trap_1              0x08000269   Thumb Code     0  libshutdown2.o(.ARM.Collect$$libshutdown$$00000006)
    __rt_lib_shutdown_heap_1                 0x08000269   Thumb Code     0  libshutdown2.o(.ARM.Collect$$libshutdown$$0000000E)
    __rt_lib_shutdown_return                 0x08000269   Thumb Code     0  libshutdown2.o(.ARM.Collect$$libshutdown$$0000000F)
    __rt_lib_shutdown_signal_1               0x08000269   Thumb Code     0  libshutdown2.o(.ARM.Collect$$libshutdown$$00000009)
    __rt_lib_shutdown_stdio_1                0x08000269   Thumb Code     0  libshutdown2.o(.ARM.Collect$$libshutdown$$00000003)
    __rt_lib_shutdown_user_alloc_1           0x08000269   Thumb Code     0  libshutdown2.o(.ARM.Collect$$libshutdown$$0000000B)
    __rt_entry                               0x0800026b   Thumb Code     0  __rtentry.o(.ARM.Collect$$rtentry$$00000000)
    __rt_entry_presh_1                       0x0800026b   Thumb Code     0  __rtentry2.o(.ARM.Collect$$rtentry$$00000002)
    __rt_entry_sh                            0x0800026b   Thumb Code     0  __rtentry4.o(.ARM.Collect$$rtentry$$00000004)
    __rt_entry_li                            0x08000271   Thumb Code     0  __rtentry2.o(.ARM.Collect$$rtentry$$0000000A)
    __rt_entry_postsh_1                      0x08000271   Thumb Code     0  __rtentry2.o(.ARM.Collect$$rtentry$$00000009)
    __rt_entry_main                          0x08000275   Thumb Code     0  __rtentry2.o(.ARM.Collect$$rtentry$$0000000D)
    __rt_entry_postli_1                      0x08000275   Thumb Code     0  __rtentry2.o(.ARM.Collect$$rtentry$$0000000C)
    __rt_exit                                0x0800027d   Thumb Code     0  rtexit.o(.ARM.Collect$$rtexit$$00000000)
    __rt_exit_ls                             0x0800027f   Thumb Code     0  rtexit2.o(.ARM.Collect$$rtexit$$00000003)
    __rt_exit_prels_1                        0x0800027f   Thumb Code     0  rtexit2.o(.ARM.Collect$$rtexit$$00000002)
    __rt_exit_exit                           0x08000283   Thumb Code     0  rtexit2.o(.ARM.Collect$$rtexit$$00000004)
    jpeg_data_process                        0x08000289   Thumb Code    96  main.o(.text)
    jpeg_test                                0x080002e9   Thumb Code   208  main.o(.text)
    main                                     0x080003b9   Thumb Code   180  main.o(.text)
    NMI_Handler                              0x08000521   Thumb Code     2  stm32f4xx_it.o(.text)
    HardFault_Handler                        0x08000523   Thumb Code     4  stm32f4xx_it.o(.text)
    MemManage_Handler                        0x08000527   Thumb Code     4  stm32f4xx_it.o(.text)
    BusFault_Handler                         0x0800052b   Thumb Code     4  stm32f4xx_it.o(.text)
    UsageFault_Handler                       0x0800052f   Thumb Code     4  stm32f4xx_it.o(.text)
    SVC_Handler                              0x08000533   Thumb Code     2  stm32f4xx_it.o(.text)
    DebugMon_Handler                         0x08000535   Thumb Code     2  stm32f4xx_it.o(.text)
    PendSV_Handler                           0x08000537   Thumb Code     2  stm32f4xx_it.o(.text)
    SysTick_Handler                          0x08000539   Thumb Code     2  stm32f4xx_it.o(.text)
    SystemInit                               0x08000619   Thumb Code    88  system_stm32f4xx.o(.text)
    SystemCoreClockUpdate                    0x08000671   Thumb Code   174  system_stm32f4xx.o(.text)
    LCD_WR_REG                               0x0800074d   Thumb Code    18  lcd.o(.text)
    LCD_WR_DATA                              0x0800075f   Thumb Code    20  lcd.o(.text)
    LCD_RD_DATA                              0x08000773   Thumb Code    16  lcd.o(.text)
    LCD_WriteReg                             0x08000783   Thumb Code    14  lcd.o(.text)
    LCD_ReadReg                              0x08000791   Thumb Code    22  lcd.o(.text)
    LCD_WriteRAM_Prepare                     0x080007a7   Thumb Code    10  lcd.o(.text)
    LCD_WriteRAM                             0x080007b1   Thumb Code     8  lcd.o(.text)
    LCD_BGR2RGB                              0x080007b9   Thumb Code    26  lcd.o(.text)
    opt_delay                                0x080007d3   Thumb Code    14  lcd.o(.text)
    LCD_SetCursor                            0x080007e1   Thumb Code   418  lcd.o(.text)
    LCD_ReadPoint                            0x08000983   Thumb Code   360  lcd.o(.text)
    LCD_DisplayOn                            0x08000aeb   Thumb Code   102  lcd.o(.text)
    LCD_DisplayOff                           0x08000b51   Thumb Code    90  lcd.o(.text)
    LCD_Scan_Dir                             0x08000bab   Thumb Code   744  lcd.o(.text)
    LCD_DrawPoint                            0x08000e93   Thumb Code    28  lcd.o(.text)
    LCD_Fast_DrawPoint                       0x08000eaf   Thumb Code   388  lcd.o(.text)
    LCD_SSD_BackLightSet                     0x08001033   Thumb Code    88  lcd.o(.text)
    LCD_Display_Dir                          0x0800108b   Thumb Code   444  lcd.o(.text)
    LCD_Set_Window                           0x08001247   Thumb Code   546  lcd.o(.text)
    LCD_Clear                                0x08001469   Thumb Code   100  lcd.o(.text)
    LCD_Init                                 0x080014cd   Thumb Code 14696  lcd.o(.text)
    LCD_Fill                                 0x08004e35   Thumb Code   180  lcd.o(.text)
    LCD_Color_Fill                           0x08004ee9   Thumb Code   100  lcd.o(.text)
    LCD_DrawLine                             0x08004f4d   Thumb Code   176  lcd.o(.text)
    LCD_DrawRectangle                        0x08004ffd   Thumb Code    60  lcd.o(.text)
    LCD_Draw_Circle                          0x08005039   Thumb Code   152  lcd.o(.text)
    LCD_ShowChar                             0x080050d1   Thumb Code   272  lcd.o(.text)
    LCD_Pow                                  0x080051e1   Thumb Code    22  lcd.o(.text)
    LCD_ShowNum                              0x080051f7   Thumb Code   148  lcd.o(.text)
    LCD_ShowxNum                             0x0800528b   Thumb Code   220  lcd.o(.text)
    LCD_ShowString                           0x08005367   Thumb Code   102  lcd.o(.text)
    DCMI_IRQHandler                          0x080053cd   Thumb Code    34  dcmi.o(.text)
    DCMI_DMA_Init                            0x080053ef   Thumb Code   102  dcmi.o(.text)
    My_DCMI_Init                             0x08005455   Thumb Code   278  dcmi.o(.text)
    DCMI_Start                               0x0800556b   Thumb Code    18  dcmi.o(.text)
    DCMI_Stop                                0x0800557d   Thumb Code    34  dcmi.o(.text)
    DCMI_Set_Window                          0x0800559f   Thumb Code    74  dcmi.o(.text)
    DCMI_CR_Set                              0x080055e9   Thumb Code    58  dcmi.o(.text)
    OV2640_Init                              0x08005645   Thumb Code   272  ov2640.o(.text)
    OV2640_JPEG_Mode                         0x08005755   Thumb Code    66  ov2640.o(.text)
    OV2640_RGB565_Mode                       0x08005797   Thumb Code    36  ov2640.o(.text)
    OV2640_Auto_Exposure                     0x080057bb   Thumb Code    40  ov2640.o(.text)
    OV2640_Light_Mode                        0x080057e3   Thumb Code   118  ov2640.o(.text)
    OV2640_Color_Saturation                  0x08005859   Thumb Code    64  ov2640.o(.text)
    OV2640_Brightness                        0x08005899   Thumb Code    56  ov2640.o(.text)
    OV2640_Contrast                          0x080058d1   Thumb Code   116  ov2640.o(.text)
    OV2640_Special_Effects                   0x08005945   Thumb Code   122  ov2640.o(.text)
    OV2640_Color_Bar                         0x080059bf   Thumb Code    40  ov2640.o(.text)
    OV2640_Window_Set                        0x080059e7   Thumb Code   222  ov2640.o(.text)
    OV2640_OutSize_Set                       0x08005ac5   Thumb Code   136  ov2640.o(.text)
    OV2640_ImageWin_Set                      0x08005b4d   Thumb Code   188  ov2640.o(.text)
    OV2640_ImageSize_Set                     0x08005c09   Thumb Code    80  ov2640.o(.text)
    usart2_init                              0x08005c59   Thumb Code   164  usart2.o(.text)
    USART2_IRQHandler                        0x08005cfd   Thumb Code   150  usart2.o(.text)
    SCCB_Init                                0x08005db5   Thumb Code    78  sccb.o(.text)
    SCCB_Start                               0x08005e03   Thumb Code    42  sccb.o(.text)
    SCCB_Stop                                0x08005e2d   Thumb Code    42  sccb.o(.text)
    SCCB_No_Ack                              0x08005e57   Thumb Code    56  sccb.o(.text)
    SCCB_WR_Byte                             0x08005e8f   Thumb Code   154  sccb.o(.text)
    SCCB_RD_Byte                             0x08005f29   Thumb Code   104  sccb.o(.text)
    SCCB_WR_Reg                              0x08005f91   Thumb Code    62  sccb.o(.text)
    SCCB_RD_Reg                              0x08005fcf   Thumb Code    78  sccb.o(.text)
    TIM3_Int_Init                            0x08006029   Thumb Code    88  timer.o(.text)
    TIM3_IRQHandler                          0x08006081   Thumb Code    40  timer.o(.text)
    delay_init                               0x080060c9   Thumb Code    52  delay.o(.text)
    delay_us                                 0x080060fd   Thumb Code    72  delay.o(.text)
    delay_xms                                0x08006145   Thumb Code    72  delay.o(.text)
    delay_ms                                 0x0800618d   Thumb Code    56  delay.o(.text)
    _sys_exit                                0x080061cd   Thumb Code     4  usart.o(.text)
    fputc                                    0x080061d1   Thumb Code    22  usart.o(.text)
    uart_init                                0x080061e7   Thumb Code   164  usart.o(.text)
    USART1_IRQHandler                        0x0800628b   Thumb Code   122  usart.o(.text)
    Reset_Handler                            0x08006315   Thumb Code     8  startup_stm32f40_41xxx.o(.text)
    ADC_IRQHandler                           0x0800632f   Thumb Code     0  startup_stm32f40_41xxx.o(.text)
    CAN1_RX0_IRQHandler                      0x0800632f   Thumb Code     0  startup_stm32f40_41xxx.o(.text)
    CAN1_RX1_IRQHandler                      0x0800632f   Thumb Code     0  startup_stm32f40_41xxx.o(.text)
    CAN1_SCE_IRQHandler                      0x0800632f   Thumb Code     0  startup_stm32f40_41xxx.o(.text)
    CAN1_TX_IRQHandler                       0x0800632f   Thumb Code     0  startup_stm32f40_41xxx.o(.text)
    CAN2_RX0_IRQHandler                      0x0800632f   Thumb Code     0  startup_stm32f40_41xxx.o(.text)
    CAN2_RX1_IRQHandler                      0x0800632f   Thumb Code     0  startup_stm32f40_41xxx.o(.text)
    CAN2_SCE_IRQHandler                      0x0800632f   Thumb Code     0  startup_stm32f40_41xxx.o(.text)
    CAN2_TX_IRQHandler                       0x0800632f   Thumb Code     0  startup_stm32f40_41xxx.o(.text)
    CRYP_IRQHandler                          0x0800632f   Thumb Code     0  startup_stm32f40_41xxx.o(.text)
    DMA1_Stream0_IRQHandler                  0x0800632f   Thumb Code     0  startup_stm32f40_41xxx.o(.text)
    DMA1_Stream1_IRQHandler                  0x0800632f   Thumb Code     0  startup_stm32f40_41xxx.o(.text)
    DMA1_Stream2_IRQHandler                  0x0800632f   Thumb Code     0  startup_stm32f40_41xxx.o(.text)
    DMA1_Stream3_IRQHandler                  0x0800632f   Thumb Code     0  startup_stm32f40_41xxx.o(.text)
    DMA1_Stream4_IRQHandler                  0x0800632f   Thumb Code     0  startup_stm32f40_41xxx.o(.text)
    DMA1_Stream5_IRQHandler                  0x0800632f   Thumb Code     0  startup_stm32f40_41xxx.o(.text)
    DMA1_Stream6_IRQHandler                  0x0800632f   Thumb Code     0  startup_stm32f40_41xxx.o(.text)
    DMA1_Stream7_IRQHandler                  0x0800632f   Thumb Code     0  startup_stm32f40_41xxx.o(.text)
    DMA2_Stream0_IRQHandler                  0x0800632f   Thumb Code     0  startup_stm32f40_41xxx.o(.text)
    DMA2_Stream1_IRQHandler                  0x0800632f   Thumb Code     0  startup_stm32f40_41xxx.o(.text)
    DMA2_Stream2_IRQHandler                  0x0800632f   Thumb Code     0  startup_stm32f40_41xxx.o(.text)
    DMA2_Stream3_IRQHandler                  0x0800632f   Thumb Code     0  startup_stm32f40_41xxx.o(.text)
    DMA2_Stream4_IRQHandler                  0x0800632f   Thumb Code     0  startup_stm32f40_41xxx.o(.text)
    DMA2_Stream5_IRQHandler                  0x0800632f   Thumb Code     0  startup_stm32f40_41xxx.o(.text)
    DMA2_Stream6_IRQHandler                  0x0800632f   Thumb Code     0  startup_stm32f40_41xxx.o(.text)
    DMA2_Stream7_IRQHandler                  0x0800632f   Thumb Code     0  startup_stm32f40_41xxx.o(.text)
    ETH_IRQHandler                           0x0800632f   Thumb Code     0  startup_stm32f40_41xxx.o(.text)
    ETH_WKUP_IRQHandler                      0x0800632f   Thumb Code     0  startup_stm32f40_41xxx.o(.text)
    EXTI0_IRQHandler                         0x0800632f   Thumb Code     0  startup_stm32f40_41xxx.o(.text)
    EXTI15_10_IRQHandler                     0x0800632f   Thumb Code     0  startup_stm32f40_41xxx.o(.text)
    EXTI1_IRQHandler                         0x0800632f   Thumb Code     0  startup_stm32f40_41xxx.o(.text)
    EXTI2_IRQHandler                         0x0800632f   Thumb Code     0  startup_stm32f40_41xxx.o(.text)
    EXTI3_IRQHandler                         0x0800632f   Thumb Code     0  startup_stm32f40_41xxx.o(.text)
    EXTI4_IRQHandler                         0x0800632f   Thumb Code     0  startup_stm32f40_41xxx.o(.text)
    EXTI9_5_IRQHandler                       0x0800632f   Thumb Code     0  startup_stm32f40_41xxx.o(.text)
    FLASH_IRQHandler                         0x0800632f   Thumb Code     0  startup_stm32f40_41xxx.o(.text)
    FPU_IRQHandler                           0x0800632f   Thumb Code     0  startup_stm32f40_41xxx.o(.text)
    FSMC_IRQHandler                          0x0800632f   Thumb Code     0  startup_stm32f40_41xxx.o(.text)
    HASH_RNG_IRQHandler                      0x0800632f   Thumb Code     0  startup_stm32f40_41xxx.o(.text)
    I2C1_ER_IRQHandler                       0x0800632f   Thumb Code     0  startup_stm32f40_41xxx.o(.text)
    I2C1_EV_IRQHandler                       0x0800632f   Thumb Code     0  startup_stm32f40_41xxx.o(.text)
    I2C2_ER_IRQHandler                       0x0800632f   Thumb Code     0  startup_stm32f40_41xxx.o(.text)
    I2C2_EV_IRQHandler                       0x0800632f   Thumb Code     0  startup_stm32f40_41xxx.o(.text)
    I2C3_ER_IRQHandler                       0x0800632f   Thumb Code     0  startup_stm32f40_41xxx.o(.text)
    I2C3_EV_IRQHandler                       0x0800632f   Thumb Code     0  startup_stm32f40_41xxx.o(.text)
    OTG_FS_IRQHandler                        0x0800632f   Thumb Code     0  startup_stm32f40_41xxx.o(.text)
    OTG_FS_WKUP_IRQHandler                   0x0800632f   Thumb Code     0  startup_stm32f40_41xxx.o(.text)
    OTG_HS_EP1_IN_IRQHandler                 0x0800632f   Thumb Code     0  startup_stm32f40_41xxx.o(.text)
    OTG_HS_EP1_OUT_IRQHandler                0x0800632f   Thumb Code     0  startup_stm32f40_41xxx.o(.text)
    OTG_HS_IRQHandler                        0x0800632f   Thumb Code     0  startup_stm32f40_41xxx.o(.text)
    OTG_HS_WKUP_IRQHandler                   0x0800632f   Thumb Code     0  startup_stm32f40_41xxx.o(.text)
    PVD_IRQHandler                           0x0800632f   Thumb Code     0  startup_stm32f40_41xxx.o(.text)
    RCC_IRQHandler                           0x0800632f   Thumb Code     0  startup_stm32f40_41xxx.o(.text)
    RTC_Alarm_IRQHandler                     0x0800632f   Thumb Code     0  startup_stm32f40_41xxx.o(.text)
    RTC_WKUP_IRQHandler                      0x0800632f   Thumb Code     0  startup_stm32f40_41xxx.o(.text)
    SDIO_IRQHandler                          0x0800632f   Thumb Code     0  startup_stm32f40_41xxx.o(.text)
    SPI1_IRQHandler                          0x0800632f   Thumb Code     0  startup_stm32f40_41xxx.o(.text)
    SPI2_IRQHandler                          0x0800632f   Thumb Code     0  startup_stm32f40_41xxx.o(.text)
    SPI3_IRQHandler                          0x0800632f   Thumb Code     0  startup_stm32f40_41xxx.o(.text)
    TAMP_STAMP_IRQHandler                    0x0800632f   Thumb Code     0  startup_stm32f40_41xxx.o(.text)
    TIM1_BRK_TIM9_IRQHandler                 0x0800632f   Thumb Code     0  startup_stm32f40_41xxx.o(.text)
    TIM1_CC_IRQHandler                       0x0800632f   Thumb Code     0  startup_stm32f40_41xxx.o(.text)
    TIM1_TRG_COM_TIM11_IRQHandler            0x0800632f   Thumb Code     0  startup_stm32f40_41xxx.o(.text)
    TIM1_UP_TIM10_IRQHandler                 0x0800632f   Thumb Code     0  startup_stm32f40_41xxx.o(.text)
    TIM2_IRQHandler                          0x0800632f   Thumb Code     0  startup_stm32f40_41xxx.o(.text)
    TIM5_IRQHandler                          0x0800632f   Thumb Code     0  startup_stm32f40_41xxx.o(.text)
    TIM6_DAC_IRQHandler                      0x0800632f   Thumb Code     0  startup_stm32f40_41xxx.o(.text)
    TIM7_IRQHandler                          0x0800632f   Thumb Code     0  startup_stm32f40_41xxx.o(.text)
    TIM8_BRK_TIM12_IRQHandler                0x0800632f   Thumb Code     0  startup_stm32f40_41xxx.o(.text)
    TIM8_CC_IRQHandler                       0x0800632f   Thumb Code     0  startup_stm32f40_41xxx.o(.text)
    TIM8_TRG_COM_TIM14_IRQHandler            0x0800632f   Thumb Code     0  startup_stm32f40_41xxx.o(.text)
    TIM8_UP_TIM13_IRQHandler                 0x0800632f   Thumb Code     0  startup_stm32f40_41xxx.o(.text)
    UART4_IRQHandler                         0x0800632f   Thumb Code     0  startup_stm32f40_41xxx.o(.text)
    UART5_IRQHandler                         0x0800632f   Thumb Code     0  startup_stm32f40_41xxx.o(.text)
    USART3_IRQHandler                        0x0800632f   Thumb Code     0  startup_stm32f40_41xxx.o(.text)
    USART6_IRQHandler                        0x0800632f   Thumb Code     0  startup_stm32f40_41xxx.o(.text)
    WWDG_IRQHandler                          0x0800632f   Thumb Code     0  startup_stm32f40_41xxx.o(.text)
    __user_initial_stackheap                 0x08006331   Thumb Code     0  startup_stm32f40_41xxx.o(.text)
    NVIC_PriorityGroupConfig                 0x08006355   Thumb Code    10  misc.o(.text)
    NVIC_Init                                0x0800635f   Thumb Code   106  misc.o(.text)
    NVIC_SetVectorTable                      0x080063c9   Thumb Code    14  misc.o(.text)
    NVIC_SystemLPConfig                      0x080063d7   Thumb Code    34  misc.o(.text)
    SysTick_CLKSourceConfig                  0x080063f9   Thumb Code    40  misc.o(.text)
    DCMI_DeInit                              0x08006435   Thumb Code    24  stm32f4xx_dcmi.o(.text)
    DCMI_Init                                0x0800644d   Thumb Code    60  stm32f4xx_dcmi.o(.text)
    DCMI_StructInit                          0x08006489   Thumb Code    18  stm32f4xx_dcmi.o(.text)
    DCMI_CROPConfig                          0x0800649b   Thumb Code    26  stm32f4xx_dcmi.o(.text)
    DCMI_CROPCmd                             0x080064b5   Thumb Code    30  stm32f4xx_dcmi.o(.text)
    DCMI_SetEmbeddedSynchroCodes             0x080064d3   Thumb Code    26  stm32f4xx_dcmi.o(.text)
    DCMI_JPEGCmd                             0x080064ed   Thumb Code    30  stm32f4xx_dcmi.o(.text)
    DCMI_Cmd                                 0x0800650b   Thumb Code    30  stm32f4xx_dcmi.o(.text)
    DCMI_CaptureCmd                          0x08006529   Thumb Code    30  stm32f4xx_dcmi.o(.text)
    DCMI_ReadData                            0x08006547   Thumb Code     6  stm32f4xx_dcmi.o(.text)
    DCMI_ITConfig                            0x0800654d   Thumb Code    30  stm32f4xx_dcmi.o(.text)
    DCMI_GetFlagStatus                       0x0800656b   Thumb Code    46  stm32f4xx_dcmi.o(.text)
    DCMI_ClearFlag                           0x08006599   Thumb Code     6  stm32f4xx_dcmi.o(.text)
    DCMI_GetITStatus                         0x0800659f   Thumb Code    24  stm32f4xx_dcmi.o(.text)
    DCMI_ClearITPendingBit                   0x080065b7   Thumb Code     6  stm32f4xx_dcmi.o(.text)
    GPIO_DeInit                              0x080065c1   Thumb Code   268  stm32f4xx_gpio.o(.text)
    GPIO_Init                                0x080066cd   Thumb Code   144  stm32f4xx_gpio.o(.text)
    GPIO_StructInit                          0x0800675d   Thumb Code    18  stm32f4xx_gpio.o(.text)
    GPIO_PinLockConfig                       0x0800676f   Thumb Code    34  stm32f4xx_gpio.o(.text)
    GPIO_ReadInputDataBit                    0x08006791   Thumb Code    18  stm32f4xx_gpio.o(.text)
    GPIO_ReadInputData                       0x080067a3   Thumb Code     8  stm32f4xx_gpio.o(.text)
    GPIO_ReadOutputDataBit                   0x080067ab   Thumb Code    18  stm32f4xx_gpio.o(.text)
    GPIO_ReadOutputData                      0x080067bd   Thumb Code     8  stm32f4xx_gpio.o(.text)
    GPIO_SetBits                             0x080067c5   Thumb Code     4  stm32f4xx_gpio.o(.text)
    GPIO_ResetBits                           0x080067c9   Thumb Code     4  stm32f4xx_gpio.o(.text)
    GPIO_WriteBit                            0x080067cd   Thumb Code    10  stm32f4xx_gpio.o(.text)
    GPIO_Write                               0x080067d7   Thumb Code     4  stm32f4xx_gpio.o(.text)
    GPIO_ToggleBits                          0x080067db   Thumb Code     8  stm32f4xx_gpio.o(.text)
    GPIO_PinAFConfig                         0x080067e3   Thumb Code    70  stm32f4xx_gpio.o(.text)
    FSMC_NORSRAMDeInit                       0x08006855   Thumb Code    54  stm32f4xx_fsmc.o(.text)
    FSMC_NORSRAMInit                         0x0800688b   Thumb Code   230  stm32f4xx_fsmc.o(.text)
    FSMC_NORSRAMStructInit                   0x08006971   Thumb Code    48  stm32f4xx_fsmc.o(.text)
    FSMC_NORSRAMCmd                          0x080069a1   Thumb Code    46  stm32f4xx_fsmc.o(.text)
    FSMC_NANDDeInit                          0x080069cf   Thumb Code    62  stm32f4xx_fsmc.o(.text)
    FSMC_NANDInit                            0x08006a0d   Thumb Code   132  stm32f4xx_fsmc.o(.text)
    FSMC_NANDStructInit                      0x08006a91   Thumb Code    54  stm32f4xx_fsmc.o(.text)
    FSMC_NANDCmd                             0x08006ac7   Thumb Code    86  stm32f4xx_fsmc.o(.text)
    FSMC_NANDECCCmd                          0x08006b1d   Thumb Code    86  stm32f4xx_fsmc.o(.text)
    FSMC_GetECC                              0x08006b73   Thumb Code    24  stm32f4xx_fsmc.o(.text)
    FSMC_PCCARDDeInit                        0x08006b8b   Thumb Code    36  stm32f4xx_fsmc.o(.text)
    FSMC_PCCARDInit                          0x08006baf   Thumb Code   130  stm32f4xx_fsmc.o(.text)
    FSMC_PCCARDStructInit                    0x08006c31   Thumb Code    60  stm32f4xx_fsmc.o(.text)
    FSMC_PCCARDCmd                           0x08006c6d   Thumb Code    44  stm32f4xx_fsmc.o(.text)
    FSMC_ITConfig                            0x08006c99   Thumb Code   128  stm32f4xx_fsmc.o(.text)
    FSMC_GetFlagStatus                       0x08006d19   Thumb Code    54  stm32f4xx_fsmc.o(.text)
    FSMC_ClearFlag                           0x08006d4f   Thumb Code    74  stm32f4xx_fsmc.o(.text)
    FSMC_GetITStatus                         0x08006d99   Thumb Code    62  stm32f4xx_fsmc.o(.text)
    FSMC_ClearITPendingBit                   0x08006dd7   Thumb Code    66  stm32f4xx_fsmc.o(.text)
    DMA_DeInit                               0x08006e1d   Thumb Code   324  stm32f4xx_dma.o(.text)
    DMA_Init                                 0x08006f61   Thumb Code    82  stm32f4xx_dma.o(.text)
    DMA_StructInit                           0x08006fb3   Thumb Code    34  stm32f4xx_dma.o(.text)
    DMA_Cmd                                  0x08006fd5   Thumb Code    22  stm32f4xx_dma.o(.text)
    DMA_PeriphIncOffsetSizeConfig            0x08006feb   Thumb Code    22  stm32f4xx_dma.o(.text)
    DMA_FlowControllerConfig                 0x08007001   Thumb Code    22  stm32f4xx_dma.o(.text)
    DMA_SetCurrDataCounter                   0x08007017   Thumb Code     4  stm32f4xx_dma.o(.text)
    DMA_GetCurrDataCounter                   0x0800701b   Thumb Code     8  stm32f4xx_dma.o(.text)
    DMA_DoubleBufferModeConfig               0x08007023   Thumb Code    24  stm32f4xx_dma.o(.text)
    DMA_DoubleBufferModeCmd                  0x0800703b   Thumb Code    22  stm32f4xx_dma.o(.text)
    DMA_MemoryTargetConfig                   0x08007051   Thumb Code    10  stm32f4xx_dma.o(.text)
    DMA_GetCurrentMemoryTarget               0x0800705b   Thumb Code    20  stm32f4xx_dma.o(.text)
    DMA_GetCmdStatus                         0x0800706f   Thumb Code    20  stm32f4xx_dma.o(.text)
    DMA_GetFIFOStatus                        0x08007083   Thumb Code    12  stm32f4xx_dma.o(.text)
    DMA_GetFlagStatus                        0x0800708f   Thumb Code    56  stm32f4xx_dma.o(.text)
    DMA_ClearFlag                            0x080070c7   Thumb Code    40  stm32f4xx_dma.o(.text)
    DMA_ITConfig                             0x080070ef   Thumb Code    58  stm32f4xx_dma.o(.text)
    DMA_GetITStatus                          0x08007129   Thumb Code    84  stm32f4xx_dma.o(.text)
    DMA_ClearITPendingBit                    0x0800717d   Thumb Code    40  stm32f4xx_dma.o(.text)
    RCC_DeInit                               0x080071c5   Thumb Code    82  stm32f4xx_rcc.o(.text)
    RCC_HSEConfig                            0x08007217   Thumb Code    14  stm32f4xx_rcc.o(.text)
    RCC_GetFlagStatus                        0x08007225   Thumb Code    60  stm32f4xx_rcc.o(.text)
    RCC_WaitForHSEStartUp                    0x08007261   Thumb Code    56  stm32f4xx_rcc.o(.text)
    RCC_AdjustHSICalibrationValue            0x08007299   Thumb Code    20  stm32f4xx_rcc.o(.text)
    RCC_HSICmd                               0x080072ad   Thumb Code     6  stm32f4xx_rcc.o(.text)
    RCC_LSEConfig                            0x080072b3   Thumb Code    46  stm32f4xx_rcc.o(.text)
    RCC_LSICmd                               0x080072e1   Thumb Code     6  stm32f4xx_rcc.o(.text)
    RCC_PLLConfig                            0x080072e7   Thumb Code    32  stm32f4xx_rcc.o(.text)
    RCC_PLLCmd                               0x08007307   Thumb Code     6  stm32f4xx_rcc.o(.text)
    RCC_PLLI2SConfig                         0x0800730d   Thumb Code    14  stm32f4xx_rcc.o(.text)
    RCC_PLLI2SCmd                            0x0800731b   Thumb Code     6  stm32f4xx_rcc.o(.text)
    RCC_PLLSAIConfig                         0x08007321   Thumb Code    20  stm32f4xx_rcc.o(.text)
    RCC_PLLSAICmd                            0x08007335   Thumb Code     6  stm32f4xx_rcc.o(.text)
    RCC_ClockSecuritySystemCmd               0x0800733b   Thumb Code     6  stm32f4xx_rcc.o(.text)
    RCC_MCO1Config                           0x08007341   Thumb Code    28  stm32f4xx_rcc.o(.text)
    RCC_MCO2Config                           0x0800735d   Thumb Code    28  stm32f4xx_rcc.o(.text)
    RCC_SYSCLKConfig                         0x08007379   Thumb Code    20  stm32f4xx_rcc.o(.text)
    RCC_GetSYSCLKSource                      0x0800738d   Thumb Code    12  stm32f4xx_rcc.o(.text)
    RCC_HCLKConfig                           0x08007399   Thumb Code    20  stm32f4xx_rcc.o(.text)
    RCC_PCLK1Config                          0x080073ad   Thumb Code    20  stm32f4xx_rcc.o(.text)
    RCC_PCLK2Config                          0x080073c1   Thumb Code    22  stm32f4xx_rcc.o(.text)
    RCC_GetClocksFreq                        0x080073d7   Thumb Code   222  stm32f4xx_rcc.o(.text)
    RCC_RTCCLKConfig                         0x080074b5   Thumb Code    54  stm32f4xx_rcc.o(.text)
    RCC_RTCCLKCmd                            0x080074eb   Thumb Code     8  stm32f4xx_rcc.o(.text)
    RCC_BackupResetCmd                       0x080074f3   Thumb Code     8  stm32f4xx_rcc.o(.text)
    RCC_I2SCLKConfig                         0x080074fb   Thumb Code     6  stm32f4xx_rcc.o(.text)
    RCC_SAIPLLI2SClkDivConfig                0x08007501   Thumb Code    26  stm32f4xx_rcc.o(.text)
    RCC_SAIPLLSAIClkDivConfig                0x0800751b   Thumb Code    28  stm32f4xx_rcc.o(.text)
    RCC_SAIBlockACLKConfig                   0x08007537   Thumb Code    20  stm32f4xx_rcc.o(.text)
    RCC_SAIBlockBCLKConfig                   0x0800754b   Thumb Code    20  stm32f4xx_rcc.o(.text)
    RCC_LTDCCLKDivConfig                     0x0800755f   Thumb Code    20  stm32f4xx_rcc.o(.text)
    RCC_TIMCLKPresConfig                     0x08007573   Thumb Code     6  stm32f4xx_rcc.o(.text)
    RCC_AHB1PeriphClockCmd                   0x08007579   Thumb Code    34  stm32f4xx_rcc.o(.text)
    RCC_AHB2PeriphClockCmd                   0x0800759b   Thumb Code    78  stm32f4xx_rcc.o(.text)
    RCC_AHB3PeriphClockCmd                   0x080075e9   Thumb Code    34  stm32f4xx_rcc.o(.text)
    RCC_APB1PeriphClockCmd                   0x0800760b   Thumb Code    34  stm32f4xx_rcc.o(.text)
    RCC_APB2PeriphClockCmd                   0x0800762d   Thumb Code    34  stm32f4xx_rcc.o(.text)
    RCC_AHB1PeriphResetCmd                   0x0800764f   Thumb Code    34  stm32f4xx_rcc.o(.text)
    RCC_AHB2PeriphResetCmd                   0x08007671   Thumb Code    34  stm32f4xx_rcc.o(.text)
    RCC_AHB3PeriphResetCmd                   0x08007693   Thumb Code    34  stm32f4xx_rcc.o(.text)
    RCC_APB1PeriphResetCmd                   0x080076b5   Thumb Code    34  stm32f4xx_rcc.o(.text)
    RCC_APB2PeriphResetCmd                   0x080076d7   Thumb Code    34  stm32f4xx_rcc.o(.text)
    RCC_AHB1PeriphClockLPModeCmd             0x080076f9   Thumb Code    34  stm32f4xx_rcc.o(.text)
    RCC_AHB2PeriphClockLPModeCmd             0x0800771b   Thumb Code    34  stm32f4xx_rcc.o(.text)
    RCC_AHB3PeriphClockLPModeCmd             0x0800773d   Thumb Code    34  stm32f4xx_rcc.o(.text)
    RCC_APB1PeriphClockLPModeCmd             0x0800775f   Thumb Code    34  stm32f4xx_rcc.o(.text)
    RCC_APB2PeriphClockLPModeCmd             0x08007781   Thumb Code    34  stm32f4xx_rcc.o(.text)
    RCC_LSEModeConfig                        0x080077a3   Thumb Code    40  stm32f4xx_rcc.o(.text)
    RCC_ITConfig                             0x080077cb   Thumb Code    34  stm32f4xx_rcc.o(.text)
    RCC_ClearFlag                            0x080077ed   Thumb Code    18  stm32f4xx_rcc.o(.text)
    RCC_GetITStatus                          0x080077ff   Thumb Code    22  stm32f4xx_rcc.o(.text)
    RCC_ClearITPendingBit                    0x08007815   Thumb Code     8  stm32f4xx_rcc.o(.text)
    USART_DeInit                             0x08007821   Thumb Code   206  stm32f4xx_usart.o(.text)
    USART_Init                               0x080078ef   Thumb Code   204  stm32f4xx_usart.o(.text)
    USART_StructInit                         0x080079bb   Thumb Code    24  stm32f4xx_usart.o(.text)
    USART_ClockInit                          0x080079d3   Thumb Code    32  stm32f4xx_usart.o(.text)
    USART_ClockStructInit                    0x080079f3   Thumb Code    12  stm32f4xx_usart.o(.text)
    USART_Cmd                                0x080079ff   Thumb Code    24  stm32f4xx_usart.o(.text)
    USART_SetPrescaler                       0x08007a17   Thumb Code    16  stm32f4xx_usart.o(.text)
    USART_OverSampling8Cmd                   0x08007a27   Thumb Code    22  stm32f4xx_usart.o(.text)
    USART_OneBitMethodCmd                    0x08007a3d   Thumb Code    24  stm32f4xx_usart.o(.text)
    USART_SendData                           0x08007a55   Thumb Code     8  stm32f4xx_usart.o(.text)
    USART_ReceiveData                        0x08007a5d   Thumb Code    10  stm32f4xx_usart.o(.text)
    USART_SetAddress                         0x08007a67   Thumb Code    18  stm32f4xx_usart.o(.text)
    USART_ReceiverWakeUpCmd                  0x08007a79   Thumb Code    24  stm32f4xx_usart.o(.text)
    USART_WakeUpConfig                       0x08007a91   Thumb Code    18  stm32f4xx_usart.o(.text)
    USART_LINBreakDetectLengthConfig         0x08007aa3   Thumb Code    18  stm32f4xx_usart.o(.text)
    USART_LINCmd                             0x08007ab5   Thumb Code    24  stm32f4xx_usart.o(.text)
    USART_SendBreak                          0x08007acd   Thumb Code    10  stm32f4xx_usart.o(.text)
    USART_HalfDuplexCmd                      0x08007ad7   Thumb Code    24  stm32f4xx_usart.o(.text)
    USART_SetGuardTime                       0x08007aef   Thumb Code    16  stm32f4xx_usart.o(.text)
    USART_SmartCardCmd                       0x08007aff   Thumb Code    24  stm32f4xx_usart.o(.text)
    USART_SmartCardNACKCmd                   0x08007b17   Thumb Code    24  stm32f4xx_usart.o(.text)
    USART_IrDAConfig                         0x08007b2f   Thumb Code    18  stm32f4xx_usart.o(.text)
    USART_IrDACmd                            0x08007b41   Thumb Code    24  stm32f4xx_usart.o(.text)
    USART_DMACmd                             0x08007b59   Thumb Code    18  stm32f4xx_usart.o(.text)
    USART_ITConfig                           0x08007b6b   Thumb Code    74  stm32f4xx_usart.o(.text)
    USART_GetFlagStatus                      0x08007bb5   Thumb Code    26  stm32f4xx_usart.o(.text)
    USART_ClearFlag                          0x08007bcf   Thumb Code    18  stm32f4xx_usart.o(.text)
    USART_GetITStatus                        0x08007be1   Thumb Code   118  stm32f4xx_usart.o(.text)
    USART_ClearITPendingBit                  0x08007c57   Thumb Code    30  stm32f4xx_usart.o(.text)
    TIM_DeInit                               0x08007c75   Thumb Code   346  stm32f4xx_tim.o(.text)
    TIM_TimeBaseInit                         0x08007dcf   Thumb Code   104  stm32f4xx_tim.o(.text)
    TIM_TimeBaseStructInit                   0x08007e37   Thumb Code    18  stm32f4xx_tim.o(.text)
    TIM_PrescalerConfig                      0x08007e49   Thumb Code     6  stm32f4xx_tim.o(.text)
    TIM_CounterModeConfig                    0x08007e4f   Thumb Code    18  stm32f4xx_tim.o(.text)
    TIM_SetCounter                           0x08007e61   Thumb Code     4  stm32f4xx_tim.o(.text)
    TIM_SetAutoreload                        0x08007e65   Thumb Code     4  stm32f4xx_tim.o(.text)
    TIM_GetCounter                           0x08007e69   Thumb Code     6  stm32f4xx_tim.o(.text)
    TIM_GetPrescaler                         0x08007e6f   Thumb Code     6  stm32f4xx_tim.o(.text)
    TIM_UpdateDisableConfig                  0x08007e75   Thumb Code    24  stm32f4xx_tim.o(.text)
    TIM_UpdateRequestConfig                  0x08007e8d   Thumb Code    24  stm32f4xx_tim.o(.text)
    TIM_ARRPreloadConfig                     0x08007ea5   Thumb Code    24  stm32f4xx_tim.o(.text)
    TIM_SelectOnePulseMode                   0x08007ebd   Thumb Code    18  stm32f4xx_tim.o(.text)
    TIM_SetClockDivision                     0x08007ecf   Thumb Code    18  stm32f4xx_tim.o(.text)
    TIM_Cmd                                  0x08007ee1   Thumb Code    24  stm32f4xx_tim.o(.text)
    TIM_OC1Init                              0x08007ef9   Thumb Code   114  stm32f4xx_tim.o(.text)
    TIM_OC2Init                              0x08007f6b   Thumb Code   154  stm32f4xx_tim.o(.text)
    TIM_OC3Init                              0x08008005   Thumb Code   204  stm32f4xx_tim.o(.text)
    TIM_OC4Init                              0x080080d1   Thumb Code   112  stm32f4xx_tim.o(.text)
    TIM_OCStructInit                         0x08008141   Thumb Code    20  stm32f4xx_tim.o(.text)
    TIM_SelectOCxM                           0x08008155   Thumb Code    86  stm32f4xx_tim.o(.text)
    TIM_SetCompare1                          0x080081ab   Thumb Code     4  stm32f4xx_tim.o(.text)
    TIM_SetCompare2                          0x080081af   Thumb Code     4  stm32f4xx_tim.o(.text)
    TIM_SetCompare3                          0x080081b3   Thumb Code     4  stm32f4xx_tim.o(.text)
    TIM_SetCompare4                          0x080081b7   Thumb Code     4  stm32f4xx_tim.o(.text)
    TIM_ForcedOC1Config                      0x080081bb   Thumb Code    18  stm32f4xx_tim.o(.text)
    TIM_ForcedOC2Config                      0x080081cd   Thumb Code    26  stm32f4xx_tim.o(.text)
    TIM_ForcedOC3Config                      0x080081e7   Thumb Code    18  stm32f4xx_tim.o(.text)
    TIM_ForcedOC4Config                      0x080081f9   Thumb Code    26  stm32f4xx_tim.o(.text)
    TIM_OC1PreloadConfig                     0x08008213   Thumb Code    18  stm32f4xx_tim.o(.text)
    TIM_OC2PreloadConfig                     0x08008225   Thumb Code    26  stm32f4xx_tim.o(.text)
    TIM_OC3PreloadConfig                     0x0800823f   Thumb Code    18  stm32f4xx_tim.o(.text)
    TIM_OC4PreloadConfig                     0x08008251   Thumb Code    26  stm32f4xx_tim.o(.text)
    TIM_OC1FastConfig                        0x0800826b   Thumb Code    18  stm32f4xx_tim.o(.text)
    TIM_OC2FastConfig                        0x0800827d   Thumb Code    26  stm32f4xx_tim.o(.text)
    TIM_OC3FastConfig                        0x08008297   Thumb Code    18  stm32f4xx_tim.o(.text)
    TIM_OC4FastConfig                        0x080082a9   Thumb Code    26  stm32f4xx_tim.o(.text)
    TIM_ClearOC1Ref                          0x080082c3   Thumb Code    18  stm32f4xx_tim.o(.text)
    TIM_ClearOC2Ref                          0x080082d5   Thumb Code    24  stm32f4xx_tim.o(.text)
    TIM_ClearOC3Ref                          0x080082ed   Thumb Code    18  stm32f4xx_tim.o(.text)
    TIM_ClearOC4Ref                          0x080082ff   Thumb Code    24  stm32f4xx_tim.o(.text)
    TIM_OC1PolarityConfig                    0x08008317   Thumb Code    18  stm32f4xx_tim.o(.text)
    TIM_OC1NPolarityConfig                   0x08008329   Thumb Code    18  stm32f4xx_tim.o(.text)
    TIM_OC2PolarityConfig                    0x0800833b   Thumb Code    26  stm32f4xx_tim.o(.text)
    TIM_OC2NPolarityConfig                   0x08008355   Thumb Code    26  stm32f4xx_tim.o(.text)
    TIM_OC3PolarityConfig                    0x0800836f   Thumb Code    26  stm32f4xx_tim.o(.text)
    TIM_OC3NPolarityConfig                   0x08008389   Thumb Code    26  stm32f4xx_tim.o(.text)
    TIM_OC4PolarityConfig                    0x080083a3   Thumb Code    26  stm32f4xx_tim.o(.text)
    TIM_CCxCmd                               0x080083bd   Thumb Code    30  stm32f4xx_tim.o(.text)
    TIM_CCxNCmd                              0x080083db   Thumb Code    30  stm32f4xx_tim.o(.text)
    TIM_SetIC4Prescaler                      0x080083f9   Thumb Code    26  stm32f4xx_tim.o(.text)
    TIM_SetIC3Prescaler                      0x08008463   Thumb Code    18  stm32f4xx_tim.o(.text)
    TIM_SetIC2Prescaler                      0x080084bd   Thumb Code    26  stm32f4xx_tim.o(.text)
    TIM_SetIC1Prescaler                      0x08008531   Thumb Code    18  stm32f4xx_tim.o(.text)
    TIM_ICInit                               0x0800857d   Thumb Code   110  stm32f4xx_tim.o(.text)
    TIM_ICStructInit                         0x080085eb   Thumb Code    18  stm32f4xx_tim.o(.text)
    TIM_PWMIConfig                           0x080085fd   Thumb Code   124  stm32f4xx_tim.o(.text)
    TIM_GetCapture1                          0x08008679   Thumb Code     6  stm32f4xx_tim.o(.text)
    TIM_GetCapture2                          0x0800867f   Thumb Code     6  stm32f4xx_tim.o(.text)
    TIM_GetCapture3                          0x08008685   Thumb Code     6  stm32f4xx_tim.o(.text)
    TIM_GetCapture4                          0x0800868b   Thumb Code     6  stm32f4xx_tim.o(.text)
    TIM_BDTRConfig                           0x08008691   Thumb Code    32  stm32f4xx_tim.o(.text)
    TIM_BDTRStructInit                       0x080086b1   Thumb Code    18  stm32f4xx_tim.o(.text)
    TIM_CtrlPWMOutputs                       0x080086c3   Thumb Code    30  stm32f4xx_tim.o(.text)
    TIM_SelectCOM                            0x080086e1   Thumb Code    24  stm32f4xx_tim.o(.text)
    TIM_CCPreloadControl                     0x080086f9   Thumb Code    24  stm32f4xx_tim.o(.text)
    TIM_ITConfig                             0x08008711   Thumb Code    18  stm32f4xx_tim.o(.text)
    TIM_GenerateEvent                        0x08008723   Thumb Code     4  stm32f4xx_tim.o(.text)
    TIM_GetFlagStatus                        0x08008727   Thumb Code    18  stm32f4xx_tim.o(.text)
    TIM_ClearFlag                            0x08008739   Thumb Code     6  stm32f4xx_tim.o(.text)
    TIM_GetITStatus                          0x0800873f   Thumb Code    34  stm32f4xx_tim.o(.text)
    TIM_ClearITPendingBit                    0x08008761   Thumb Code     6  stm32f4xx_tim.o(.text)
    TIM_DMAConfig                            0x08008767   Thumb Code    10  stm32f4xx_tim.o(.text)
    TIM_DMACmd                               0x08008771   Thumb Code    18  stm32f4xx_tim.o(.text)
    TIM_SelectCCDMA                          0x08008783   Thumb Code    24  stm32f4xx_tim.o(.text)
    TIM_InternalClockConfig                  0x0800879b   Thumb Code    12  stm32f4xx_tim.o(.text)
    TIM_SelectInputTrigger                   0x080087a7   Thumb Code    18  stm32f4xx_tim.o(.text)
    TIM_ITRxExternalClockConfig              0x080087b9   Thumb Code    24  stm32f4xx_tim.o(.text)
    TIM_TIxExternalClockConfig               0x080087d1   Thumb Code    62  stm32f4xx_tim.o(.text)
    TIM_ETRConfig                            0x0800880f   Thumb Code    28  stm32f4xx_tim.o(.text)
    TIM_ETRClockMode1Config                  0x0800882b   Thumb Code    54  stm32f4xx_tim.o(.text)
    TIM_ETRClockMode2Config                  0x08008861   Thumb Code    32  stm32f4xx_tim.o(.text)
    TIM_SelectOutputTrigger                  0x08008881   Thumb Code    18  stm32f4xx_tim.o(.text)
    TIM_SelectSlaveMode                      0x08008893   Thumb Code    18  stm32f4xx_tim.o(.text)
    TIM_SelectMasterSlaveMode                0x080088a5   Thumb Code    18  stm32f4xx_tim.o(.text)
    TIM_EncoderInterfaceConfig               0x080088b7   Thumb Code    66  stm32f4xx_tim.o(.text)
    TIM_SelectHallSensor                     0x080088f9   Thumb Code    24  stm32f4xx_tim.o(.text)
    TIM_RemapConfig                          0x08008911   Thumb Code     6  stm32f4xx_tim.o(.text)
    usmart_sys_cmd_exe                       0x08008919   Thumb Code  1554  usmart.o(.text)
    usmart_reset_runtime                     0x08008f2b   Thumb Code    38  usmart.o(.text)
    usmart_get_runtime                       0x08008f51   Thumb Code    60  usmart.o(.text)
    TIM4_IRQHandler                          0x08008f8d   Thumb Code    46  usmart.o(.text)
    Timer4_Init                              0x08008fbb   Thumb Code    86  usmart.o(.text)
    usmart_init                              0x08009011   Thumb Code    36  usmart.o(.text)
    usmart_cmd_rec                           0x08009035   Thumb Code   170  usmart.o(.text)
    usmart_exe                               0x080090df   Thumb Code   868  usmart.o(.text)
    usmart_scan                              0x08009443   Thumb Code   120  usmart.o(.text)
    read_addr                                0x080094bb   Thumb Code     6  usmart.o(.text)
    write_addr                               0x080094c1   Thumb Code     4  usmart.o(.text)
    usmart_strcmp                            0x0800954d   Thumb Code    34  usmart_str.o(.text)
    usmart_strcopy                           0x0800956f   Thumb Code    22  usmart_str.o(.text)
    usmart_strlen                            0x08009585   Thumb Code    24  usmart_str.o(.text)
    usmart_pow                               0x0800959d   Thumb Code    22  usmart_str.o(.text)
    usmart_str2num                           0x080095b3   Thumb Code   202  usmart_str.o(.text)
    usmart_get_cmdname                       0x0800967d   Thumb Code    54  usmart_str.o(.text)
    usmart_search_nextc                      0x080096b3   Thumb Code    22  usmart_str.o(.text)
    usmart_get_fname                         0x080096c9   Thumb Code   440  usmart_str.o(.text)
    usmart_get_aparm                         0x08009881   Thumb Code   200  usmart_str.o(.text)
    usmart_get_parmpos                       0x08009949   Thumb Code    26  usmart_str.o(.text)
    usmart_get_fparam                        0x08009963   Thumb Code   262  usmart_str.o(.text)
    ESP8266_Rst                              0x08009a75   Thumb Code    32  esp8266.o(.text)
    ESP8266_Init                             0x08009a95   Thumb Code    52  esp8266.o(.text)
    USART_printf                             0x08009b2b   Thumb Code   262  esp8266.o(.text)
    ESP8266_Send_AT_Cmd                      0x08009c31   Thumb Code   170  esp8266.o(.text)
    ESP8266_AT_Test                          0x08009cdb   Thumb Code    56  esp8266.o(.text)
    ESP8266_Net_Mode_Choose                  0x08009d13   Thumb Code    68  esp8266.o(.text)
    ESP8266_JoinAP                           0x08009d57   Thumb Code    38  esp8266.o(.text)
    ESP8266_Enable_MultipleId                0x08009d7d   Thumb Code    42  esp8266.o(.text)
    ESP8266_Link_Server                      0x08009da7   Thumb Code   110  esp8266.o(.text)
    ESP8266_UnvarnishSend                    0x08009e15   Thumb Code    38  esp8266.o(.text)
    ESP8266_SendString                       0x08009e3b   Thumb Code   344  esp8266.o(.text)
    ESP8266_ExitUnvarnishSend                0x08009f93   Thumb Code    28  esp8266.o(.text)
    ESP8266_Get_LinkStatus                   0x08009faf   Thumb Code    66  esp8266.o(.text)
    ESP8266_MQTTUSERCFG                      0x08009ff1   Thumb Code    44  esp8266.o(.text)
    ESP8266_MQTTCONN                         0x0800a01d   Thumb Code    40  esp8266.o(.text)
    ESP8266_MQTTSUB                          0x0800a045   Thumb Code    36  esp8266.o(.text)
    ESP8266_MQTTPUB                          0x0800a069   Thumb Code    40  esp8266.o(.text)
    ESP8266_MQTTCLEAN                        0x0800a091   Thumb Code    32  esp8266.o(.text)
    MQTT_SendString                          0x0800a0b1   Thumb Code    30  esp8266.o(.text)
    __use_no_semihosting                     0x0800a1c5   Thumb Code     2  use_no_semi_2.o(.text)
    __2printf                                0x0800a1c9   Thumb Code    20  noretval__2printf.o(.text)
    __2sprintf                               0x0800a1e1   Thumb Code    34  noretval__2sprintf.o(.text)
    _printf_pre_padding                      0x0800a209   Thumb Code    44  _printf_pad.o(.text)
    _printf_post_padding                     0x0800a235   Thumb Code    34  _printf_pad.o(.text)
    _printf_str                              0x0800a257   Thumb Code    82  _printf_str.o(.text)
    _printf_int_dec                          0x0800a2a9   Thumb Code   104  _printf_dec.o(.text)
    _printf_int_hex                          0x0800a321   Thumb Code    84  _printf_hex_int.o(.text)
    _printf_longlong_hex                     0x0800a321   Thumb Code     0  _printf_hex_int.o(.text)
    __printf                                 0x0800a379   Thumb Code   388  __printf_flags_ss_wp.o(.text)
    strstr                                   0x0800a501   Thumb Code    36  strstr.o(.text)
    __aeabi_memclr4                          0x0800a525   Thumb Code     0  rt_memclr_w.o(.text)
    __aeabi_memclr8                          0x0800a525   Thumb Code     0  rt_memclr_w.o(.text)
    __rt_memclr_w                            0x0800a525   Thumb Code    78  rt_memclr_w.o(.text)
    _memset_w                                0x0800a529   Thumb Code     0  rt_memclr_w.o(.text)
    __use_two_region_memory                  0x0800a573   Thumb Code     2  heapauxi.o(.text)
    __rt_heap_escrow$2region                 0x0800a575   Thumb Code     2  heapauxi.o(.text)
    __rt_heap_expand$2region                 0x0800a577   Thumb Code     2  heapauxi.o(.text)
    __I$use$semihosting                      0x0800a579   Thumb Code     0  use_no_semi.o(.text)
    __use_no_semihosting_swi                 0x0800a579   Thumb Code     2  use_no_semi.o(.text)
    _printf_int_common                       0x0800a57b   Thumb Code   178  _printf_intcommon.o(.text)
    _printf_char_common                      0x0800a637   Thumb Code    32  _printf_char_common.o(.text)
    _sputc                                   0x0800a65d   Thumb Code    10  _sputc.o(.text)
    _printf_cs_common                        0x0800a667   Thumb Code    20  _printf_char.o(.text)
    _printf_char                             0x0800a67b   Thumb Code    16  _printf_char.o(.text)
    _printf_string                           0x0800a68b   Thumb Code     8  _printf_char.o(.text)
    _printf_char_file                        0x0800a695   Thumb Code    32  _printf_char_file.o(.text)
    ferror                                   0x0800a6b9   Thumb Code     8  ferror.o(.text)
    __user_setup_stackheap                   0x0800a6c1   Thumb Code    74  sys_stackheap_outer.o(.text)
    exit                                     0x0800a70b   Thumb Code    12  exit.o(.text)
    __user_libspace                          0x0800a719   Thumb Code     8  libspace.o(.text)
    __user_perproc_libspace                  0x0800a719   Thumb Code     0  libspace.o(.text)
    __user_perthread_libspace                0x0800a719   Thumb Code     0  libspace.o(.text)
    _is_digit                                0x0800a721   Thumb Code    14  __printf_wp.o(i._is_digit)
    __aeabi_d2uiz                            0x0800a731   Thumb Code     0  dfixu.o(x$fpl$dfixu)
    _dfixu                                   0x0800a731   Thumb Code    90  dfixu.o(x$fpl$dfixu)
    __aeabi_ui2d                             0x0800a78b   Thumb Code     0  dflt_clz.o(x$fpl$dfltu)
    _dfltu                                   0x0800a78b   Thumb Code    38  dflt_clz.o(x$fpl$dfltu)
    __aeabi_dmul                             0x0800a7b1   Thumb Code     0  dmul.o(x$fpl$dmul)
    _dmul                                    0x0800a7b1   Thumb Code   332  dmul.o(x$fpl$dmul)
    __fpl_dnaninf                            0x0800a905   Thumb Code   156  dnaninf.o(x$fpl$dnaninf)
    __fpl_dretinf                            0x0800a9a1   Thumb Code    12  dretinf.o(x$fpl$dretinf)
    _fp_init                                 0x0800a9ad   Thumb Code    10  fpinit.o(x$fpl$fpinit)
    __fplib_config_fpu_vfp                   0x0800a9b5   Thumb Code     0  fpinit.o(x$fpl$fpinit)
    __fplib_config_pureend_doubles           0x0800a9b5   Thumb Code     0  fpinit.o(x$fpl$fpinit)
    __I$use$fp                               0x0800a9b6   Number         0  usenofp.o(x$fpl$usenofp)
    jpeg_img_size_tbl                        0x0800a9b6   Data          36  main.o(.constdata)
    asc2_1206                                0x0800a9da   Data        1140  lcd.o(.constdata)
    asc2_1608                                0x0800ae4e   Data        1520  lcd.o(.constdata)
    asc2_2412                                0x0800b43e   Data        3420  lcd.o(.constdata)
    ov2640_sxga_init_reg_tbl                 0x0800c19a   Data         356  ov2640.o(.constdata)
    ov2640_svga_init_reg_tbl                 0x0800c2fe   Data         354  ov2640.o(.constdata)
    ov2640_jpeg_reg_tbl                      0x0800c460   Data          14  ov2640.o(.constdata)
    ov2640_rgb565_reg_tbl                    0x0800c46e   Data          28  ov2640.o(.constdata)
    ov2640_yuv422_reg_tbl                    0x0800c48a   Data          16  ov2640.o(.constdata)
    FSMC_DefaultTimingStruct                 0x0800c4c4   Data          28  stm32f4xx_fsmc.o(.constdata)
    Region$$Table$$Base                      0x0800c8d0   Number         0  anon$$obj.o(Region$$Table)
    Region$$Table$$Limit                     0x0800c8f0   Number         0  anon$$obj.o(Region$$Table)
    ov2640_mode                              0x20000000   Data           1  main.o(.data)
    jpeg_data_len                            0x20000004   Data           4  main.o(.data)
    jpeg_data_ok                             0x20000008   Data           1  main.o(.data)
    EFFECTS_TBL                              0x2000000c   Data          28  main.o(.data)
    JPEG_SIZE_TBL                            0x20000028   Data          36  main.o(.data)
    SystemCoreClock                          0x2000004c   Data           4  system_stm32f4xx.o(.data)
    AHBPrescTable                            0x20000050   Data          16  system_stm32f4xx.o(.data)
    POINT_COLOR                              0x20000060   Data           2  lcd.o(.data)
    BACK_COLOR                               0x20000062   Data           2  lcd.o(.data)
    ov_frame                                 0x20000064   Data           1  dcmi.o(.data)
    __stdout                                 0x2000006c   Data           4  usart.o(.data)
    USART_RX_STA                             0x20000070   Data           2  usart.o(.data)
    sys_cmd_tab                              0x20000084   Data          28  usmart.o(.data)
    usmart_nametab                           0x200000a0   Data         168  usmart_config.o(.data)
    usmart_dev                               0x20000148   Data         244  usmart_config.o(.data)
    TcpClosedFlag                            0x2000023c   Data           1  tcp.o(.data)
    jpeg_buf                                 0x20000240   Data       126976  main.o(.bss)
    lcddev                                   0x2001f240   Data          14  lcd.o(.bss)
    DCMI_InitStructure                       0x2001f24e   Data          14  dcmi.o(.bss)
    USART_RX_BUF                             0x2001f25c   Data         200  usart.o(.bss)
    ESP8266_Fram_Record_Struct               0x2001f324   Data        1026  esp8266.o(.bss)
    __libspace_start                         0x2001f728   Data          96  libspace.o(.bss)
    __temporary_stack_top$libspace           0x2001f788   Data           0  libspace.o(.bss)



==============================================================================

Memory Map of the image

  Image Entry point : 0x08000189

  Load Region LR_IROM1 (Base: 0x08000000, Size: 0x0000cb30, Max: 0x00100000, ABSOLUTE, COMPRESSED[0x0000c9ec])

    Execution Region ER_IROM1 (Base: 0x08000000, Size: 0x0000c8f0, Max: 0x00100000, ABSOLUTE)

    Base Addr    Size         Type   Attr      Idx    E Section Name        Object

    0x08000000   0x00000188   Data   RO          535    RESET               startup_stm32f40_41xxx.o
    0x08000188   0x00000008   Code   RO          922  * !!!main             c_w.l(__main.o)
    0x08000190   0x00000034   Code   RO         1112    !!!scatter          c_w.l(__scatter.o)
    0x080001c4   0x0000005a   Code   RO         1110    !!dczerorl2         c_w.l(__dczerorl2.o)
    0x0800021e   0x00000002   PAD
    0x08000220   0x0000001c   Code   RO         1114    !!handler_zi        c_w.l(__scatter_zi.o)
    0x0800023c   0x00000000   Code   RO          915    .ARM.Collect$$_printf_percent$$00000000  c_w.l(_printf_percent.o)
    0x0800023c   0x00000006   Code   RO          913    .ARM.Collect$$_printf_percent$$00000009  c_w.l(_printf_d.o)
    0x08000242   0x00000006   Code   RO          914    .ARM.Collect$$_printf_percent$$0000000A  c_w.l(_printf_u.o)
    0x08000248   0x00000006   Code   RO          912    .ARM.Collect$$_printf_percent$$0000000C  c_w.l(_printf_x.o)
    0x0800024e   0x00000006   Code   RO          910    .ARM.Collect$$_printf_percent$$00000013  c_w.l(_printf_c.o)
    0x08000254   0x00000006   Code   RO          911    .ARM.Collect$$_printf_percent$$00000014  c_w.l(_printf_s.o)
    0x0800025a   0x00000004   Code   RO          949    .ARM.Collect$$_printf_percent$$00000017  c_w.l(_printf_percent_end.o)
    0x0800025e   0x00000002   Code   RO          985    .ARM.Collect$$libinit$$00000000  c_w.l(libinit.o)
    0x08000260   0x00000004   Code   RO          991    .ARM.Collect$$libinit$$00000001  c_w.l(libinit2.o)
    0x08000264   0x00000000   Code   RO          994    .ARM.Collect$$libinit$$00000004  c_w.l(libinit2.o)
    0x08000264   0x00000000   Code   RO          997    .ARM.Collect$$libinit$$0000000A  c_w.l(libinit2.o)
    0x08000264   0x00000000   Code   RO          999    .ARM.Collect$$libinit$$0000000C  c_w.l(libinit2.o)
    0x08000264   0x00000000   Code   RO         1001    .ARM.Collect$$libinit$$0000000E  c_w.l(libinit2.o)
    0x08000264   0x00000000   Code   RO         1004    .ARM.Collect$$libinit$$00000011  c_w.l(libinit2.o)
    0x08000264   0x00000000   Code   RO         1006    .ARM.Collect$$libinit$$00000013  c_w.l(libinit2.o)
    0x08000264   0x00000000   Code   RO         1008    .ARM.Collect$$libinit$$00000015  c_w.l(libinit2.o)
    0x08000264   0x00000000   Code   RO         1010    .ARM.Collect$$libinit$$00000017  c_w.l(libinit2.o)
    0x08000264   0x00000000   Code   RO         1012    .ARM.Collect$$libinit$$00000019  c_w.l(libinit2.o)
    0x08000264   0x00000000   Code   RO         1014    .ARM.Collect$$libinit$$0000001B  c_w.l(libinit2.o)
    0x08000264   0x00000000   Code   RO         1016    .ARM.Collect$$libinit$$0000001D  c_w.l(libinit2.o)
    0x08000264   0x00000000   Code   RO         1018    .ARM.Collect$$libinit$$0000001F  c_w.l(libinit2.o)
    0x08000264   0x00000000   Code   RO         1020    .ARM.Collect$$libinit$$00000021  c_w.l(libinit2.o)
    0x08000264   0x00000000   Code   RO         1022    .ARM.Collect$$libinit$$00000023  c_w.l(libinit2.o)
    0x08000264   0x00000000   Code   RO         1024    .ARM.Collect$$libinit$$00000025  c_w.l(libinit2.o)
    0x08000264   0x00000000   Code   RO         1028    .ARM.Collect$$libinit$$0000002C  c_w.l(libinit2.o)
    0x08000264   0x00000000   Code   RO         1030    .ARM.Collect$$libinit$$0000002E  c_w.l(libinit2.o)
    0x08000264   0x00000000   Code   RO         1032    .ARM.Collect$$libinit$$00000030  c_w.l(libinit2.o)
    0x08000264   0x00000000   Code   RO         1034    .ARM.Collect$$libinit$$00000032  c_w.l(libinit2.o)
    0x08000264   0x00000002   Code   RO         1035    .ARM.Collect$$libinit$$00000033  c_w.l(libinit2.o)
    0x08000266   0x00000002   Code   RO         1053    .ARM.Collect$$libshutdown$$00000000  c_w.l(libshutdown.o)
    0x08000268   0x00000000   Code   RO         1064    .ARM.Collect$$libshutdown$$00000003  c_w.l(libshutdown2.o)
    0x08000268   0x00000000   Code   RO         1067    .ARM.Collect$$libshutdown$$00000006  c_w.l(libshutdown2.o)
    0x08000268   0x00000000   Code   RO         1070    .ARM.Collect$$libshutdown$$00000009  c_w.l(libshutdown2.o)
    0x08000268   0x00000000   Code   RO         1072    .ARM.Collect$$libshutdown$$0000000B  c_w.l(libshutdown2.o)
    0x08000268   0x00000000   Code   RO         1075    .ARM.Collect$$libshutdown$$0000000E  c_w.l(libshutdown2.o)
    0x08000268   0x00000002   Code   RO         1076    .ARM.Collect$$libshutdown$$0000000F  c_w.l(libshutdown2.o)
    0x0800026a   0x00000000   Code   RO          938    .ARM.Collect$$rtentry$$00000000  c_w.l(__rtentry.o)
    0x0800026a   0x00000000   Code   RO          956    .ARM.Collect$$rtentry$$00000002  c_w.l(__rtentry2.o)
    0x0800026a   0x00000006   Code   RO          968    .ARM.Collect$$rtentry$$00000004  c_w.l(__rtentry4.o)
    0x08000270   0x00000000   Code   RO          958    .ARM.Collect$$rtentry$$00000009  c_w.l(__rtentry2.o)
    0x08000270   0x00000004   Code   RO          959    .ARM.Collect$$rtentry$$0000000A  c_w.l(__rtentry2.o)
    0x08000274   0x00000000   Code   RO          961    .ARM.Collect$$rtentry$$0000000C  c_w.l(__rtentry2.o)
    0x08000274   0x00000008   Code   RO          962    .ARM.Collect$$rtentry$$0000000D  c_w.l(__rtentry2.o)
    0x0800027c   0x00000002   Code   RO          989    .ARM.Collect$$rtexit$$00000000  c_w.l(rtexit.o)
    0x0800027e   0x00000000   Code   RO         1037    .ARM.Collect$$rtexit$$00000002  c_w.l(rtexit2.o)
    0x0800027e   0x00000004   Code   RO         1038    .ARM.Collect$$rtexit$$00000003  c_w.l(rtexit2.o)
    0x08000282   0x00000006   Code   RO         1039    .ARM.Collect$$rtexit$$00000004  c_w.l(rtexit2.o)
    0x08000288   0x00000298   Code   RO            3    .text               main.o
    0x08000520   0x0000001a   Code   RO          199    .text               stm32f4xx_it.o
    0x0800053a   0x00000002   PAD
    0x0800053c   0x00000210   Code   RO          248    .text               system_stm32f4xx.o
    0x0800074c   0x00004c80   Code   RO          294    .text               lcd.o
    0x080053cc   0x00000278   Code   RO          353    .text               dcmi.o
    0x08005644   0x00000614   Code   RO          377    .text               ov2640.o
    0x08005c58   0x0000015c   Code   RO          403    .text               usart2.o
    0x08005db4   0x00000274   Code   RO          423    .text               sccb.o
    0x08006028   0x000000a0   Code   RO          443    .text               timer.o
    0x080060c8   0x00000104   Code   RO          464    .text               delay.o
    0x080061cc   0x00000148   Code   RO          504    .text               usart.o
    0x08006314   0x00000040   Code   RO          536    .text               startup_stm32f40_41xxx.o
    0x08006354   0x000000e0   Code   RO          542    .text               misc.o
    0x08006434   0x0000018c   Code   RO          562    .text               stm32f4xx_dcmi.o
    0x080065c0   0x00000294   Code   RO          582    .text               stm32f4xx_gpio.o
    0x08006854   0x000005c8   Code   RO          602    .text               stm32f4xx_fsmc.o
    0x08006e1c   0x000003a8   Code   RO          625    .text               stm32f4xx_dma.o
    0x080071c4   0x0000065c   Code   RO          645    .text               stm32f4xx_rcc.o
    0x08007820   0x00000454   Code   RO          687    .text               stm32f4xx_usart.o
    0x08007c74   0x00000ca2   Code   RO          707    .text               stm32f4xx_tim.o
    0x08008916   0x00000002   PAD
    0x08008918   0x00000c34   Code   RO          727    .text               usmart.o
    0x0800954c   0x00000528   Code   RO          772    .text               usmart_str.o
    0x08009a74   0x00000750   Code   RO          792    .text               esp8266.o
    0x0800a1c4   0x00000002   Code   RO          851    .text               c_w.l(use_no_semi_2.o)
    0x0800a1c6   0x00000002   PAD
    0x0800a1c8   0x00000018   Code   RO          857    .text               c_w.l(noretval__2printf.o)
    0x0800a1e0   0x00000028   Code   RO          859    .text               c_w.l(noretval__2sprintf.o)
    0x0800a208   0x0000004e   Code   RO          863    .text               c_w.l(_printf_pad.o)
    0x0800a256   0x00000052   Code   RO          865    .text               c_w.l(_printf_str.o)
    0x0800a2a8   0x00000078   Code   RO          867    .text               c_w.l(_printf_dec.o)
    0x0800a320   0x00000058   Code   RO          872    .text               c_w.l(_printf_hex_int.o)
    0x0800a378   0x00000188   Code   RO          907    .text               c_w.l(__printf_flags_ss_wp.o)
    0x0800a500   0x00000024   Code   RO          916    .text               c_w.l(strstr.o)
    0x0800a524   0x0000004e   Code   RO          918    .text               c_w.l(rt_memclr_w.o)
    0x0800a572   0x00000006   Code   RO          920    .text               c_w.l(heapauxi.o)
    0x0800a578   0x00000002   Code   RO          936    .text               c_w.l(use_no_semi.o)
    0x0800a57a   0x000000b2   Code   RO          939    .text               c_w.l(_printf_intcommon.o)
    0x0800a62c   0x00000030   Code   RO          941    .text               c_w.l(_printf_char_common.o)
    0x0800a65c   0x0000000a   Code   RO          943    .text               c_w.l(_sputc.o)
    0x0800a666   0x0000002c   Code   RO          945    .text               c_w.l(_printf_char.o)
    0x0800a692   0x00000002   PAD
    0x0800a694   0x00000024   Code   RO          947    .text               c_w.l(_printf_char_file.o)
    0x0800a6b8   0x00000008   Code   RO          972    .text               c_w.l(ferror.o)
    0x0800a6c0   0x0000004a   Code   RO          976    .text               c_w.l(sys_stackheap_outer.o)
    0x0800a70a   0x0000000c   Code   RO          978    .text               c_w.l(exit.o)
    0x0800a716   0x00000002   PAD
    0x0800a718   0x00000008   Code   RO          986    .text               c_w.l(libspace.o)
    0x0800a720   0x0000000e   Code   RO          900    i._is_digit         c_w.l(__printf_wp.o)
    0x0800a72e   0x00000002   PAD
    0x0800a730   0x0000005a   Code   RO          924    x$fpl$dfixu         fz_wm.l(dfixu.o)
    0x0800a78a   0x00000026   Code   RO          928    x$fpl$dfltu         fz_wm.l(dflt_clz.o)
    0x0800a7b0   0x00000154   Code   RO          934    x$fpl$dmul          fz_wm.l(dmul.o)
    0x0800a904   0x0000009c   Code   RO          950    x$fpl$dnaninf       fz_wm.l(dnaninf.o)
    0x0800a9a0   0x0000000c   Code   RO          952    x$fpl$dretinf       fz_wm.l(dretinf.o)
    0x0800a9ac   0x0000000a   Code   RO         1045    x$fpl$fpinit        fz_wm.l(fpinit.o)
    0x0800a9b6   0x00000000   Code   RO          954    x$fpl$usenofp       fz_wm.l(usenofp.o)
    0x0800a9b6   0x00000024   Data   RO            5    .constdata          main.o
    0x0800a9da   0x000017c0   Data   RO          296    .constdata          lcd.o
    0x0800c19a   0x00000328   Data   RO          378    .constdata          ov2640.o
    0x0800c4c2   0x00000002   PAD
    0x0800c4c4   0x0000001c   Data   RO          603    .constdata          stm32f4xx_fsmc.o
    0x0800c4e0   0x00000028   Data   RO          873    .constdata          c_w.l(_printf_hex_int.o)
    0x0800c508   0x00000011   Data   RO          908    .constdata          c_w.l(__printf_flags_ss_wp.o)
    0x0800c519   0x00000003   PAD
    0x0800c51c   0x00000077   Data   RO            6    .conststring        main.o
    0x0800c593   0x00000001   PAD
    0x0800c594   0x00000028   Data   RO          728    .conststring        usmart.o
    0x0800c5bc   0x00000311   Data   RO          751    .conststring        usmart_config.o
    0x0800c8cd   0x00000003   PAD
    0x0800c8d0   0x00000020   Data   RO         1108    Region$$Table       anon$$obj.o


    Execution Region RW_IRAM1 (Base: 0x20000000, Size: 0x0001fd88, Max: 0x00020000, ABSOLUTE, COMPRESSED[0x000000fc])

    Base Addr    Size         Type   Attr      Idx    E Section Name        Object

    0x20000000   0x0000004c   Data   RW            7    .data               main.o
    0x2000004c   0x00000014   Data   RW          249    .data               system_stm32f4xx.o
    0x20000060   0x00000004   Data   RW          297    .data               lcd.o
    0x20000064   0x00000001   Data   RW          355    .data               dcmi.o
    0x20000065   0x00000001   PAD
    0x20000066   0x00000004   Data   RW          465    .data               delay.o
    0x2000006a   0x00000002   PAD
    0x2000006c   0x00000006   Data   RW          506    .data               usart.o
    0x20000072   0x00000010   Data   RW          646    .data               stm32f4xx_rcc.o
    0x20000082   0x00000002   PAD
    0x20000084   0x0000001c   Data   RW          729    .data               usmart.o
    0x200000a0   0x0000019c   Data   RW          752    .data               usmart_config.o
    0x2000023c   0x00000001   Data   RW          826    .data               tcp.o
    0x2000023d   0x00000003   PAD
    0x20000240   0x0001f000   Zero   RW            4    .bss                main.o
    0x2001f240   0x0000000e   Zero   RW          295    .bss                lcd.o
    0x2001f24e   0x0000000e   Zero   RW          354    .bss                dcmi.o
    0x2001f25c   0x000000c8   Zero   RW          505    .bss                usart.o
    0x2001f324   0x00000402   Zero   RW          793    .bss                esp8266.o
    0x2001f726   0x00000002   PAD
    0x2001f728   0x00000060   Zero   RW          987    .bss                c_w.l(libspace.o)
    0x2001f788   0x00000200   Zero   RW          534    HEAP                startup_stm32f40_41xxx.o
    0x2001f988   0x00000400   Zero   RW          533    STACK               startup_stm32f40_41xxx.o


==============================================================================

Image component sizes


      Code (inc. data)   RO Data    RW Data    ZI Data      Debug   Object Name

       632         34          0          1         14       2404   dcmi.o
       260          8          0          4          0       1489   delay.o
      1872        486          0          0       1026       8895   esp8266.o
     19584        174       6080          4         14      22402   lcd.o
       664        180        155         76     126976     308557   main.o
       224         20          0          0          0       1873   misc.o
      1556         72        808          0          0       6037   ov2640.o
       628         12          0          0          0       2055   sccb.o
        64         26        392          0       1536        860   startup_stm32f40_41xxx.o
       396          4          0          0          0       3514   stm32f4xx_dcmi.o
       936         32          0          0          0       6345   stm32f4xx_dma.o
      1480         18         28          0          0       5698   stm32f4xx_fsmc.o
       660         44          0          0          0       4149   stm32f4xx_gpio.o
        26          0          0          0          0       1250   stm32f4xx_it.o
      1628         52          0         16          0      12964   stm32f4xx_rcc.o
      3234         60          0          0          0      22352   stm32f4xx_tim.o
      1108         34          0          0          0       7848   stm32f4xx_usart.o
       528         46          0         20          0       1859   system_stm32f4xx.o
         0          0          0          1          0        772   tcp.o
       160         32          0          0          0        836   timer.o
       328         16          0          6        200       3354   usart.o
       348         34          0          0          0       1020   usart2.o
      3124       1286         40         28          0       4450   usmart.o
         0          0        785        412          0       1628   usmart_config.o
      1320         12          0          0          0       5217   usmart_str.o

    ----------------------------------------------------------------------
     40764       2682       8326        576     129768     437828   Object Totals
         0          0         32          0          0          0   (incl. Generated)
         4          0          6          8          2          0   (incl. Padding)

    ----------------------------------------------------------------------

      Code (inc. data)   RO Data    RW Data    ZI Data      Debug   Library Member Name

        90          0          0          0          0          0   __dczerorl2.o
         8          0          0          0          0         68   __main.o
       392          4         17          0          0         92   __printf_flags_ss_wp.o
        14          0          0          0          0         68   __printf_wp.o
         0          0          0          0          0          0   __rtentry.o
        12          0          0          0          0          0   __rtentry2.o
         6          0          0          0          0          0   __rtentry4.o
        52          8          0          0          0          0   __scatter.o
        28          0          0          0          0          0   __scatter_zi.o
         6          0          0          0          0          0   _printf_c.o
        44          0          0          0          0        108   _printf_char.o
        48          6          0          0          0         96   _printf_char_common.o
        36          4          0          0          0         80   _printf_char_file.o
         6          0          0          0          0          0   _printf_d.o
       120         16          0          0          0         92   _printf_dec.o
        88          4         40          0          0         88   _printf_hex_int.o
       178          0          0          0          0         88   _printf_intcommon.o
        78          0          0          0          0        108   _printf_pad.o
         0          0          0          0          0          0   _printf_percent.o
         4          0          0          0          0          0   _printf_percent_end.o
         6          0          0          0          0          0   _printf_s.o
        82          0          0          0          0         80   _printf_str.o
         6          0          0          0          0          0   _printf_u.o
         6          0          0          0          0          0   _printf_x.o
        10          0          0          0          0         68   _sputc.o
        12          0          0          0          0         72   exit.o
         8          0          0          0          0         68   ferror.o
         6          0          0          0          0        152   heapauxi.o
         2          0          0          0          0          0   libinit.o
         6          0          0          0          0          0   libinit2.o
         2          0          0          0          0          0   libshutdown.o
         2          0          0          0          0          0   libshutdown2.o
         8          4          0          0         96         68   libspace.o
        24          4          0          0          0         84   noretval__2printf.o
        40          6          0          0          0         84   noretval__2sprintf.o
        78          0          0          0          0         80   rt_memclr_w.o
         2          0          0          0          0          0   rtexit.o
        10          0          0          0          0          0   rtexit2.o
        36          0          0          0          0         80   strstr.o
        74          0          0          0          0         80   sys_stackheap_outer.o
         2          0          0          0          0         68   use_no_semi.o
         2          0          0          0          0         68   use_no_semi_2.o
        90          4          0          0          0        140   dfixu.o
        38          0          0          0          0        116   dflt_clz.o
       340         12          0          0          0        152   dmul.o
       156          4          0          0          0        140   dnaninf.o
        12          0          0          0          0        116   dretinf.o
        10          0          0          0          0        116   fpinit.o
         0          0          0          0          0          0   usenofp.o

    ----------------------------------------------------------------------
      2290         76         60          0         96       2720   Library Totals
        10          0          3          0          0          0   (incl. Padding)

    ----------------------------------------------------------------------

      Code (inc. data)   RO Data    RW Data    ZI Data      Debug   Library Name

      1634         56         57          0         96       1940   c_w.l
       646         20          0          0          0        780   fz_wm.l

    ----------------------------------------------------------------------
      2290         76         60          0         96       2720   Library Totals

    ----------------------------------------------------------------------

==============================================================================


      Code (inc. data)   RO Data    RW Data    ZI Data      Debug   

     43054       2758       8386        576     129864     434460   Grand Totals
     43054       2758       8386        252     129864     434460   ELF Image Totals (compressed)
     43054       2758       8386        252          0          0   ROM Totals

==============================================================================

    Total RO  Size (Code + RO Data)                51440 (  50.23kB)
    Total RW  Size (RW Data + ZI Data)            130440 ( 127.38kB)
    Total ROM Size (Code + RO Data + RW Data)      51692 (  50.48kB)

==============================================================================

